Archive member included to satisfy reference by file (symbol)

app/libapp.a(main.c.obj)      (--whole-archive)
app/libapp.a(gpio_ctrl.c.obj)
                              (--whole-archive)
app/libapp.a(modem.c.obj)     (--whole-archive)
app/libapp.a(sms.c.obj)       (--whole-archive)
app/libapp.a(sequence.c.obj)  (--whole-archive)
zephyr/libzephyr.a(validate_libc.c.obj)
                              (--whole-archive)
zephyr/libzephyr.a(heap.c.obj)
                              (--whole-archive)
zephyr/libzephyr.a(cbprintf_packaged.c.obj)
                              (--whole-archive)
zephyr/libzephyr.a(clock.c.obj)
                              (--whole-archive)
zephyr/libzephyr.a(printk.c.obj)
                              (--whole-archive)
zephyr/libzephyr.a(sem.c.obj)
                              (--whole-archive)
zephyr/libzephyr.a(thread_entry.c.obj)
                              (--whole-archive)
zephyr/libzephyr.a(cbprintf_complete.c.obj)
                              (--whole-archive)
zephyr/libzephyr.a(assert.c.obj)
                              (--whole-archive)
zephyr/libzephyr.a(mpsc_pbuf.c.obj)
                              (--whole-archive)
zephyr/libzephyr.a(dec.c.obj)
                              (--whole-archive)
zephyr/libzephyr.a(hex.c.obj)
                              (--whole-archive)
zephyr/libzephyr.a(rb.c.obj)  (--whole-archive)
zephyr/libzephyr.a(timeutil.c.obj)
                              (--whole-archive)
zephyr/libzephyr.a(bitarray.c.obj)
                              (--whole-archive)
zephyr/libzephyr.a(bitmask.c.obj)
                              (--whole-archive)
zephyr/libzephyr.a(onoff.c.obj)
                              (--whole-archive)
zephyr/libzephyr.a(notify.c.obj)
                              (--whole-archive)
zephyr/libzephyr.a(ring_buffer.c.obj)
                              (--whole-archive)
zephyr/libzephyr.a(last_section_id.c.obj)
                              (--whole-archive)
zephyr/libzephyr.a(configs.c.obj)
                              (--whole-archive)
zephyr/libzephyr.a(nvs.c.obj)
                              (--whole-archive)
zephyr/libzephyr.a(log_core.c.obj)
                              (--whole-archive)
zephyr/libzephyr.a(log_mgmt.c.obj)
                              (--whole-archive)
zephyr/libzephyr.a(log_cache.c.obj)
                              (--whole-archive)
zephyr/libzephyr.a(log_msg.c.obj)
                              (--whole-archive)
zephyr/libzephyr.a(log_output.c.obj)
                              (--whole-archive)
zephyr/libzephyr.a(log_backend_rtt.c.obj)
                              (--whole-archive)
zephyr/libzephyr.a(log_backend_uart.c.obj)
                              (--whole-archive)
zephyr/libzephyr.a(mem_attr.c.obj)
                              (--whole-archive)
zephyr/libzephyr.a(flash_map.c.obj)
                              (--whole-archive)
zephyr/libzephyr.a(flash_map_default.c.obj)
                              (--whole-archive)
zephyr/libzephyr.a(flash_map_layout.c.obj)
                              (--whole-archive)
zephyr/libzephyr.a(tracing_none.c.obj)
                              (--whole-archive)
zephyr/libzephyr.a(settings_store.c.obj)
                              (--whole-archive)
zephyr/libzephyr.a(settings.c.obj)
                              (--whole-archive)
zephyr/libzephyr.a(settings_init.c.obj)
                              (--whole-archive)
zephyr/libzephyr.a(settings_line.c.obj)
                              (--whole-archive)
zephyr/libzephyr.a(settings_nvs.c.obj)
                              (--whole-archive)
zephyr/libzephyr.a(flash_util.c.obj)
                              (--whole-archive)
zephyr/libzephyr.a(banner.c.obj)
                              (--whole-archive)
zephyr/libzephyr.a(nrf_cc3xx_platform_abort_zephyr.c.obj)
                              (--whole-archive)
zephyr/libzephyr.a(nrf_cc3xx_platform_mutex_zephyr.c.obj)
                              (--whole-archive)
zephyr/arch/common/libarch__common.a(sw_isr_common.c.obj)
                              (--whole-archive)
zephyr/arch/common/libarch__common.a(init.c.obj)
                              (--whole-archive)
zephyr/arch/common/libarch__common.a(xip.c.obj)
                              (--whole-archive)
zephyr/arch/arch/arm/core/libarch__arm__core.a(fatal.c.obj)
                              (--whole-archive)
zephyr/arch/arch/arm/core/libarch__arm__core.a(nmi.c.obj)
                              (--whole-archive)
zephyr/arch/arch/arm/core/libarch__arm__core.a(nmi_on_reset.S.obj)
                              (--whole-archive)
zephyr/arch/arch/arm/core/libarch__arm__core.a(tls.c.obj)
                              (--whole-archive)
zephyr/arch/arch/arm/core/cortex_m/libarch__arm__core__cortex_m.a(exc_exit.c.obj)
                              (--whole-archive)
zephyr/arch/arch/arm/core/cortex_m/libarch__arm__core__cortex_m.a(fault.c.obj)
                              (--whole-archive)
[...]
Memory Configuration

Name             Origin             Length             Attributes
FLASH            0x0000000000000000 0x0000000000100000 xr
RAM              0x0000000020000000 0x0000000000040000 xw
IDT_LIST         0x00000000ffff7fff 0x0000000000008000 xw
*default*        0x0000000000000000 0xffffffffffffffff

Linker script and memory map

                0x00000000000088fc                vfprintf = __l_vfprintf
                0x0000000000008db4                vfscanf = __l_vfscanf
LOAD zephyr/CMakeFiles/zephyr_pre0.dir/misc/empty_file.c.obj
LOAD zephyr/CMakeFiles/offsets.dir/./arch/arm/core/offsets/offsets.c.obj
LOAD app/libapp.a
LOAD zephyr/libzephyr.a
LOAD zephyr/arch/common/libarch__common.a
LOAD zephyr/arch/arch/arm/core/libarch__arm__core.a
LOAD zephyr/arch/arch/arm/core/cortex_m/libarch__arm__core__cortex_m.a
LOAD zephyr/arch/arch/arm/core/mpu/libarch__arm__core__mpu.a
LOAD zephyr/lib/libc/picolibc/liblib__libc__picolibc.a
LOAD zephyr/lib/libc/common/liblib__libc__common.a
LOAD zephyr/soc/soc/nrf52840/libsoc__nordic.a
LOAD zephyr/subsys/crc/libsubsys__crc.a
LOAD zephyr/drivers/clock_control/libdrivers__clock_control.a
LOAD zephyr/drivers/console/libdrivers__console.a
LOAD zephyr/drivers/flash/libdrivers__flash.a
LOAD zephyr/drivers/gpio/libdrivers__gpio.a
LOAD zephyr/drivers/pinctrl/libdrivers__pinctrl.a
LOAD zephyr/drivers/serial/libdrivers__serial.a
LOAD zephyr/drivers/timer/libdrivers__timer.a
LOAD modules/nrf/drivers/hw_cc3xx/lib..__nrf__drivers__hw_cc3xx.a
LOAD modules/hal_nordic/modules/hal_nordic/nrfx/libmodules__hal_nordic__nrfx.a
LOAD modules/segger/libmodules__segger.a
LOAD zephyr/kernel/libkernel.a
LOAD zephyr/arch/common/libisr_tables.a
LOAD C:/ncs/nrfxlib/crypto/nrf_cc310_platform/lib/cortex-m4/soft-float/no-interrupts/libnrf_cc310_platform_0.9.19.a
LOAD c:\zephyr-sdk-0.17.4\arm-zephyr-eabi\bin\../lib/gcc/../../picolibc/arm-zephyr-eabi/lib/thumb/v7e-m/nofp\libc.a
LOAD c:/zephyr-sdk-0.17.4/arm-zephyr-eabi/bin/../lib/gcc/arm-zephyr-eabi/12.2.0/thumb/v7e-m/nofp\libgcc.a
                0x0000000000000020                _region_min_align = 0x20

.rel.plt        0x0000000000000000        0x0
 *(SORT_BY_ALIGNMENT(.rel.plt))
                [!provide]                        PROVIDE (__rel_iplt_start = .)
 *(SORT_BY_ALIGNMENT(.rel.iplt))
 .rel.iplt      0x0000000000000000        0x0 app/libapp.a(main.c.obj)
                [!provide]                        PROVIDE (__rel_iplt_end = .)

.rela.plt       0x0000000000000000        0x0
 *(SORT_BY_ALIGNMENT(.rela.plt))
                [!provide]                        PROVIDE (__rela_iplt_start = .)
 *(SORT_BY_ALIGNMENT(.rela.iplt))
                [!provide]                        PROVIDE (__rela_iplt_end = .)

.rel.dyn
 *(SORT_BY_ALIGNMENT(.rel.*))

.rela.dyn
 *(SORT_BY_ALIGNMENT(.rela.*))

/DISCARD/
 *(SORT_BY_ALIGNMENT(.plt))

/DISCARD/
 *(SORT_BY_ALIGNMENT(.iplt))
                0x0000000000000000                __rom_region_start = 0x0

rom_start       0x0000000000000000      0x100
                0x0000000000000000                __rom_start_address = .
 FILL mask 0x00
                0x0000000000000000                . = (. + (0x0 - (. - __rom_start_address)))
                0x0000000000000000                . = ALIGN (0x4)
                0x0000000000000000                . = ALIGN (0x80)
                0x0000000000000000                . = ALIGN (0x100)
                0x0000000000000000                _vector_start = .
 *(SORT_BY_ALIGNMENT(.exc_vector_table))
 *(SORT_BY_ALIGNMENT(.exc_vector_table.*))
 .exc_vector_table._vector_table_section
                0x0000000000000000       0x40 zephyr/arch/arch/arm/core/cortex_m/libarch__arm__core__cortex_m.a(vector_table.S.obj)
                0x0000000000000000                _vector_table
 *(SORT_BY_ALIGNMENT(.vectors))
                0x0000000000000100                _vector_end = .
                0x0000000000000040                . = ALIGN (0x4)
 *(SORT_BY_ALIGNMENT(.gnu.linkonce.irq_vector_table*))
 .gnu.linkonce.irq_vector_table
                0x0000000000000040       0xc0 zephyr/arch/common/libisr_tables.a(isr_tables.c.obj)
                0x0000000000000040                _irq_vector_table
                0x0000000000000100                _vector_end = .

text            0x0000000000000100     0xb96c
                0x0000000000000100                __text_region_start = .
 *(SORT_BY_ALIGNMENT(.text))
 .text          0x0000000000000100       0x30 c:/zephyr-sdk-0.17.4/arm-zephyr-eabi/bin/../lib/gcc/arm-zephyr-eabi/12.2.0/thumb/v7e-m/nofp\libgcc.a(_aeabi_uldivmod.o)
                0x0000000000000100                __aeabi_uldivmod
 .text          0x0000000000000130        0x4 c:/zephyr-sdk-0.17.4/arm-zephyr-eabi/bin/../lib/gcc/arm-zephyr-eabi/12.2.0/thumb/v7e-m/nofp\libgcc.a(_dvmd_tls.o)
                0x0000000000000130                __aeabi_idiv0
                0x0000000000000130                __aeabi_ldiv0
 .text          0x0000000000000134       0x14 c:\zephyr-sdk-0.17.4\arm-zephyr-eabi\bin\../lib/gcc/../../picolibc/arm-zephyr-eabi/lib/thumb/v7e-m/nofp\libc.a(strcmp.S.o)
                0x0000000000000134                strcmp
 .text          0x0000000000000148       0x10 c:\zephyr-sdk-0.17.4\arm-zephyr-eabi\bin\../lib/gcc/../../picolibc/arm-zephyr-eabi/lib/thumb/v7e-m/nofp\libc.a(strcpy.S.o)
                0x0000000000000148                strcpy
 .text          0x0000000000000158       0x10 c:\zephyr-sdk-0.17.4\arm-zephyr-eabi\bin\../lib/gcc/../../picolibc/arm-zephyr-eabi/lib/thumb/v7e-m/nofp\libc.a(strlen.S.o)
                0x0000000000000158                strlen
 .text          0x0000000000000168      0x2a0 c:/zephyr-sdk-0.17.4/arm-zephyr-eabi/bin/../lib/gcc/arm-zephyr-eabi/12.2.0/thumb/v7e-m/nofp\libgcc.a(_udivmoddi4.o)
                0x0000000000000168                __udivmoddi4
 *(SORT_BY_ALIGNMENT(.text.*))
 .text.on_sms_received
                0x0000000000000408      0x2f8 app/libapp.a(main.c.obj)
 .text.main     0x0000000000000700       0xf0 app/libapp.a(main.c.obj)
                0x0000000000000700                main
 .text.gpio_ctrl_init
                0x00000000000007f0      0x148 app/libapp.a(gpio_ctrl.c.obj)
                0x00000000000007f0                gpio_ctrl_init
 .text.gpio_ctrl_led_set
                0x0000000000000938        0xc app/libapp.a(gpio_ctrl.c.obj)
                0x0000000000000938                gpio_ctrl_led_set
 .text.gpio_ctrl_output_set
                0x0000000000000944       0x98 app/libapp.a(gpio_ctrl.c.obj)
                0x0000000000000944                gpio_ctrl_output_set
 .text.gpio_ctrl_in4_get
                0x00000000000009dc        0xc app/libapp.a(gpio_ctrl.c.obj)
                0x00000000000009dc                gpio_ctrl_in4_get
 .text.gpio_ctrl_bg95_power_on
                0x00000000000009e8       0x50 app/libapp.a(gpio_ctrl.c.obj)
                0x00000000000009e8                gpio_ctrl_bg95_power_on
 .text.gpio_ctrl_bg95_power_off
                0x0000000000000a38       0x50 app/libapp.a(gpio_ctrl.c.obj)
                0x0000000000000a38                gpio_ctrl_bg95_power_off
 .text.gpio_ctrl_bg95_reset
                0x0000000000000a88       0x28 app/libapp.a(gpio_ctrl.c.obj)
                0x0000000000000a88                gpio_ctrl_bg95_reset
 .text.uart_tx_str
                0x0000000000000ab0       0x1c app/libapp.a(modem.c.obj)
 .text.resp_has_ok
                0x0000000000000acc       0x1c app/libapp.a(modem.c.obj)
 .text.uart_rx_cb
                0x0000000000000ae8       0x60 app/libapp.a(modem.c.obj)
 .text.modem_get_uart
                0x0000000000000b48        0xc app/libapp.a(modem.c.obj)
                0x0000000000000b48                modem_get_uart
 .text.modem_rx_clear
                0x0000000000000b54       0x18 app/libapp.a(modem.c.obj)
                0x0000000000000b54                modem_rx_clear
 .text.modem_rx_read
                0x0000000000000b6c       0x1c app/libapp.a(modem.c.obj)
                0x0000000000000b6c                modem_rx_read
 .text.modem_init
                0x0000000000000b88       0x60 app/libapp.a(modem.c.obj)
                0x0000000000000b88                modem_init
 .text.modem_send_at
                0x0000000000000be8      0x14c app/libapp.a(modem.c.obj)
                0x0000000000000be8                modem_send_at
 .text.modem_check
                0x0000000000000d34       0x58 app/libapp.a(modem.c.obj)
                0x0000000000000d34                modem_check
 .text.modem_configure_network
                0x0000000000000d8c       0xbc app/libapp.a(modem.c.obj)
                0x0000000000000d8c                modem_configure_network
 .text.sms_send
                0x0000000000000e48      0x1d0 app/libapp.a(sms.c.obj)
                0x0000000000000e48                sms_send
 .text.sms_read
                0x0000000000001018      0x158 app/libapp.a(sms.c.obj)
                0x0000000000001018                sms_read
 .text.sms_delete
                0x0000000000001170       0x74 app/libapp.a(sms.c.obj)
                0x0000000000001170                sms_delete
 .text.sms_delete_all
                0x00000000000011e4       0x1c app/libapp.a(sms.c.obj)
                0x00000000000011e4                sms_delete_all
 .text.sms_init
                0x0000000000001200       0x78 app/libapp.a(sms.c.obj)
                0x0000000000001200                sms_init
 .text.sms_poll
                0x0000000000001278       0xc0 app/libapp.a(sms.c.obj)
                0x0000000000001278                sms_poll
 .text.settings_set_cb
                0x0000000000001338       0xf4 app/libapp.a(sequence.c.obj)
 .text.seq_work_handler
                0x000000000000142c      0x150 app/libapp.a(sequence.c.obj)
 .text.sequence_init
                0x000000000000157c       0x74 app/libapp.a(sequence.c.obj)
                0x000000000000157c                sequence_init
 .text.sequence_start
                0x00000000000015f0       0xa4 app/libapp.a(sequence.c.obj)
                0x00000000000015f0                sequence_start
 .text.sequence_get_state
                0x0000000000001694        0xc app/libapp.a(sequence.c.obj)
                0x0000000000001694                sequence_get_state
 .text.sequence_get_params
                0x00000000000016a0        0x8 app/libapp.a(sequence.c.obj)
                0x00000000000016a0                sequence_get_params
 .text.sequence_set_param
                0x00000000000016a8      0x144 app/libapp.a(sequence.c.obj)
                0x00000000000016a8                sequence_set_param
 .text.cbvprintf_package
                0x00000000000017ec      0x3a4 zephyr/libzephyr.a(cbprintf_packaged.c.obj)
                0x00000000000017ec                cbvprintf_package
 .text.cbprintf_package_convert
                0x0000000000001b90      0x3cc zephyr/libzephyr.a(cbprintf_packaged.c.obj)
                0x0000000000001b90                cbprintf_package_convert
 .text.__printk_hook_install
                0x0000000000001f5c        0xc zephyr/libzephyr.a(printk.c.obj)
                0x0000000000001f5c                __printk_hook_install
 .text.z_thread_entry
                0x0000000000001f68       0x34 zephyr/libzephyr.a(thread_entry.c.obj)
                0x0000000000001f68                z_thread_entry
 .text.process_event
                0x0000000000001f9c      0x21c zephyr/libzephyr.a(onoff.c.obj)
 .text.nvs_recover_last_ate
                0x00000000000021b8       0x64 zephyr/libzephyr.a(nvs.c.obj)
 .text.nvs_sector_close
                0x000000000000221c       0x58 zephyr/libzephyr.a(nvs.c.obj)
 .text.nvs_mount
                0x0000000000002274      0x36c zephyr/libzephyr.a(nvs.c.obj)
                0x0000000000002274                nvs_mount
 .text.nvs_write
                0x00000000000025e0      0x1ac zephyr/libzephyr.a(nvs.c.obj)
                0x00000000000025e0                nvs_write
 .text.nvs_read_hist
                0x000000000000278c       0xd0 zephyr/libzephyr.a(nvs.c.obj)
                0x000000000000278c                nvs_read_hist
 .text.activate_foreach_backend
                0x000000000000285c       0x64 zephyr/libzephyr.a(log_core.c.obj)
 .text.enable_logger
                0x00000000000028c0       0x5c zephyr/libzephyr.a(log_core.c.obj)
 .text.log_process_thread_timer_expiry_fn
                0x000000000000291c        0xc zephyr/libzephyr.a(log_core.c.obj)
 .text.z_log_init
                0x0000000000002928       0x98 zephyr/libzephyr.a(log_core.c.obj)
 .text.log_format_func_t_get
                0x00000000000029c0        0xc zephyr/libzephyr.a(log_core.c.obj)
                0x00000000000029c0                log_format_func_t_get
 .text.log_set_timestamp_func
                0x00000000000029cc       0x20 zephyr/libzephyr.a(log_core.c.obj)
                0x00000000000029cc                log_set_timestamp_func
 .text.z_log_notify_backend_enabled
                0x00000000000029ec       0x1c zephyr/libzephyr.a(log_core.c.obj)
                0x00000000000029ec                z_log_notify_backend_enabled
 .text.z_log_dropped
                0x0000000000002a08       0x44 zephyr/libzephyr.a(log_core.c.obj)
                0x0000000000002a08                z_log_dropped
 .text.z_log_dropped_read_and_clear
                0x0000000000002a4c       0x20 zephyr/libzephyr.a(log_core.c.obj)
                0x0000000000002a4c                z_log_dropped_read_and_clear
 .text.dropped_notify
                0x0000000000002a6c       0x30 zephyr/libzephyr.a(log_core.c.obj)
                0x0000000000002a6c                dropped_notify
 .text.z_log_msg_init
                0x0000000000002a9c       0x20 zephyr/libzephyr.a(log_core.c.obj)
                0x0000000000002a9c                z_log_msg_init
 .text.log_core_init
                0x0000000000002abc       0x50 zephyr/libzephyr.a(log_core.c.obj)
                0x0000000000002abc                log_core_init
 .text.z_log_msg_alloc
                0x0000000000002b0c       0x10 zephyr/libzephyr.a(log_core.c.obj)
                0x0000000000002b0c                z_log_msg_alloc
 .text.z_log_msg_local_claim
                0x0000000000002b1c        0xc zephyr/libzephyr.a(log_core.c.obj)
                0x0000000000002b1c                z_log_msg_local_claim
 .text.z_log_msg_free
                0x0000000000002b28       0x10 zephyr/libzephyr.a(log_core.c.obj)
                0x0000000000002b28                z_log_msg_free
 .text.z_log_msg_pending
                0x0000000000002b38        0xc zephyr/libzephyr.a(log_core.c.obj)
                0x0000000000002b38                z_log_msg_pending
 .text.z_impl_log_process
                0x0000000000002b44       0xc0 zephyr/libzephyr.a(log_core.c.obj)
                0x0000000000002b44                z_impl_log_process
 .text.z_impl_log_panic
                0x0000000000002c04       0x44 zephyr/libzephyr.a(log_core.c.obj)
                0x0000000000002c04                z_impl_log_panic
 .text.log_process_thread_func
                0x0000000000002c48       0xa4 zephyr/libzephyr.a(log_core.c.obj)
 .text.z_log_msg_post_finalize
                0x0000000000002cec       0x78 zephyr/libzephyr.a(log_core.c.obj)
 .text.z_log_msg_commit
                0x0000000000002d64       0x24 zephyr/libzephyr.a(log_core.c.obj)
                0x0000000000002d64                z_log_msg_commit
 .text.log_source_name_get
                0x0000000000002d88       0x1c zephyr/libzephyr.a(log_mgmt.c.obj)
                0x0000000000002d88                log_source_name_get
 .text.z_impl_z_log_msg_static_create
                0x0000000000002da4      0x108 zephyr/libzephyr.a(log_msg.c.obj)
                0x0000000000002da4                z_impl_z_log_msg_static_create
 .text.z_log_msg_runtime_vcreate
                0x0000000000002eac       0xa0 zephyr/libzephyr.a(log_msg.c.obj)
                0x0000000000002eac                z_log_msg_runtime_vcreate
 .text.log_msg_get_source_id
                0x0000000000002f4c       0x18 zephyr/libzephyr.a(log_msg.c.obj)
                0x0000000000002f4c                log_msg_get_source_id
 .text.print_formatted
                0x0000000000002f64       0x24 zephyr/libzephyr.a(log_output.c.obj)
 .text.newline_print
                0x0000000000002f88       0x1c zephyr/libzephyr.a(log_output.c.obj)
 .text.log_output_process
                0x0000000000002fa4      0x2d4 zephyr/libzephyr.a(log_output.c.obj)
                0x0000000000002fa4                log_output_process
 .text.log_output_dropped_process
                0x0000000000003278       0x58 zephyr/libzephyr.a(log_output.c.obj)
                0x0000000000003278                log_output_dropped_process
 .text.log_output_timestamp_freq_set
                0x00000000000032d0       0x2c zephyr/libzephyr.a(log_output.c.obj)
                0x00000000000032d0                log_output_timestamp_freq_set
 .text.log_backend_rtt_init
                0x00000000000032fc        0xc zephyr/libzephyr.a(log_backend_rtt.c.obj)
 .text.format_set
                0x0000000000003308        0xc zephyr/libzephyr.a(log_backend_rtt.c.obj)
 .text.dropped  0x0000000000003314        0xc zephyr/libzephyr.a(log_backend_rtt.c.obj)
 .text.process  0x0000000000003320       0x24 zephyr/libzephyr.a(log_backend_rtt.c.obj)
 .text.panic    0x0000000000003344       0x34 zephyr/libzephyr.a(log_backend_rtt.c.obj)
 .text.on_failed_write
                0x0000000000003378       0x28 zephyr/libzephyr.a(log_backend_rtt.c.obj)
 .text.data_out
                0x00000000000033a0       0x88 zephyr/libzephyr.a(log_backend_rtt.c.obj)
 .text.char_out
                0x0000000000003428       0x24 zephyr/libzephyr.a(log_backend_uart.c.obj)
 .text.mem_attr_get_regions
                0x000000000000344c        0xc zephyr/libzephyr.a(mem_attr.c.obj)
                0x000000000000344c                mem_attr_get_regions
 .text.flash_area_open
                0x0000000000003458       0x4c zephyr/libzephyr.a(flash_map.c.obj)
                0x0000000000003458                flash_area_open
 .text.flash_area_sectors
                0x00000000000034a4       0x34 zephyr/libzephyr.a(flash_map_layout.c.obj)
                0x00000000000034a4                flash_area_sectors
 .text.settings_save_one
                0x00000000000034d8       0x3c zephyr/libzephyr.a(settings_store.c.obj)
                0x00000000000034d8                settings_save_one
 .text.settings_src_register
                0x0000000000003514       0x1c zephyr/libzephyr.a(settings_store.c.obj)
                0x0000000000003514                settings_src_register
 .text.settings_dst_register
                0x0000000000003530        0xc zephyr/libzephyr.a(settings_store.c.obj)
                0x0000000000003530                settings_dst_register
 .text.settings_load_subtree
                0x000000000000353c       0x3c zephyr/libzephyr.a(settings_store.c.obj)
                0x000000000000353c                settings_load_subtree
 .text.settings_store_init
                0x0000000000003578       0x10 zephyr/libzephyr.a(settings_store.c.obj)
                0x0000000000003578                settings_store_init
 .text.settings_init
                0x0000000000003588       0x10 zephyr/libzephyr.a(settings.c.obj)
                0x0000000000003588                settings_init
 .text.settings_parse_and_lookup
                0x0000000000003598       0x98 zephyr/libzephyr.a(settings.c.obj)
                0x0000000000003598                settings_parse_and_lookup
 .text.settings_call_set_handler
                0x0000000000003630       0xa4 zephyr/libzephyr.a(settings.c.obj)
                0x0000000000003630                settings_call_set_handler
 .text.settings_commit_subtree
                0x00000000000036d4       0xc0 zephyr/libzephyr.a(settings.c.obj)
                0x00000000000036d4                settings_commit_subtree
 .text.settings_lock_take
                0x0000000000003794       0x14 zephyr/libzephyr.a(settings.c.obj)
                0x0000000000003794                settings_lock_take
 .text.settings_lock_release
                0x00000000000037a8        0xc zephyr/libzephyr.a(settings.c.obj)
                0x00000000000037a8                settings_lock_release
 .text.settings_subsys_init
                0x00000000000037b4       0x2c zephyr/libzephyr.a(settings_init.c.obj)
                0x00000000000037b4                settings_subsys_init
 .text.settings_nvs_load
                0x00000000000037e0       0xbc zephyr/libzephyr.a(settings_nvs.c.obj)
 .text.settings_backend_init
                0x000000000000389c       0x84 zephyr/libzephyr.a(settings_nvs.c.obj)
                0x000000000000389c                settings_backend_init
 .text.boot_banner
                0x0000000000003920       0x1c zephyr/libzephyr.a(banner.c.obj)
                0x0000000000003920                boot_banner
 .text.nrf_cc3xx_platform_abort_init
                0x000000000000393c        0xc zephyr/libzephyr.a(nrf_cc3xx_platform_abort_zephyr.c.obj)
                0x000000000000393c                nrf_cc3xx_platform_abort_init
 .text.mutex_free_platform
                0x0000000000003948       0x54 zephyr/libzephyr.a(nrf_cc3xx_platform_mutex_zephyr.c.obj)
 .text.mutex_lock_platform
                0x000000000000399c       0x60 zephyr/libzephyr.a(nrf_cc3xx_platform_mutex_zephyr.c.obj)
 .text.mutex_unlock_platform
                0x00000000000039fc       0x58 zephyr/libzephyr.a(nrf_cc3xx_platform_mutex_zephyr.c.obj)
 .text.mutex_init_platform
                0x0000000000003a54       0x94 zephyr/libzephyr.a(nrf_cc3xx_platform_mutex_zephyr.c.obj)
 .text.nrf_cc3xx_platform_mutex_init
                0x0000000000003ae8       0x2c zephyr/libzephyr.a(nrf_cc3xx_platform_mutex_zephyr.c.obj)
                0x0000000000003ae8                nrf_cc3xx_platform_mutex_init
 .text.arch_bss_zero
                0x0000000000003b14       0x18 zephyr/arch/common/libarch__common.a(init.c.obj)
                0x0000000000003b14                arch_bss_zero
 .text.arch_data_copy
                0x0000000000003b2c       0x38 zephyr/arch/common/libarch__common.a(xip.c.obj)
                0x0000000000003b2c                arch_data_copy
 .text.z_arm_fatal_error
                0x0000000000003b64       0xb8 zephyr/arch/arch/arm/core/libarch__arm__core.a(fatal.c.obj)
                0x0000000000003b64                z_arm_fatal_error
 .text.z_SysNmiOnReset
                0x0000000000003c1c        0x8 zephyr/arch/arch/arm/core/libarch__arm__core.a(nmi_on_reset.S.obj)
                0x0000000000003c1c                z_SysNmiOnReset
 .text.arch_tls_stack_setup
                0x0000000000003c24       0x40 zephyr/arch/arch/arm/core/libarch__arm__core.a(tls.c.obj)
                0x0000000000003c24                arch_tls_stack_setup
 .text._HandlerModeExit
                0x0000000000003c64       0x20 zephyr/arch/arch/arm/core/cortex_m/libarch__arm__core__cortex_m.a(exc_exit.c.obj)
                0x0000000000003c64                z_arm_int_exit
                0x0000000000003c64                z_arm_exc_exit
 .text.bus_fault.constprop.0
                0x0000000000003c84       0xd0 zephyr/arch/arch/arm/core/cortex_m/libarch__arm__core__cortex_m.a(fault.c.obj)
 .text.usage_fault.constprop.0
                0x0000000000003d54       0xa8 zephyr/arch/arch/arm/core/cortex_m/libarch__arm__core__cortex_m.a(fault.c.obj)
 .text.mem_manage_fault
                0x0000000000003dfc      0x104 zephyr/arch/arch/arm/core/cortex_m/libarch__arm__core__cortex_m.a(fault.c.obj)
 .text.z_arm_fault
                0x0000000000003f00      0x1d4 zephyr/arch/arch/arm/core/cortex_m/libarch__arm__core__cortex_m.a(fault.c.obj)
                0x0000000000003f00                z_arm_fault
 .text.z_arm_fault_init
                0x00000000000040d4       0x18 zephyr/arch/arch/arm/core/cortex_m/libarch__arm__core__cortex_m.a(fault.c.obj)
                0x00000000000040d4                z_arm_fault_init
 .text.__fault  0x00000000000040ec       0x14 zephyr/arch/arch/arm/core/cortex_m/libarch__arm__core__cortex_m.a(fault_s.S.obj)
                0x00000000000040ec                z_arm_usage_fault
                0x00000000000040ec                z_arm_mpu_fault
                0x00000000000040ec                z_arm_exc_spurious
                0x00000000000040ec                z_arm_debug_monitor
                0x00000000000040ec                z_arm_hard_fault
                0x00000000000040ec                z_arm_bus_fault
 .text._reset_section
                0x0000000000004100       0x54 zephyr/arch/arch/arm/core/cortex_m/libarch__arm__core__cortex_m.a(reset.S.obj)
                0x0000000000004100                __start
                0x0000000000004100                z_arm_reset
 .text.z_arm_clear_arm_mpu_config
                0x0000000000004154       0x24 zephyr/arch/arch/arm/core/cortex_m/libarch__arm__core__cortex_m.a(scb.c.obj)
                0x0000000000004154                z_arm_clear_arm_mpu_config
 .text.z_arm_init_arch_hw_at_boot
                0x0000000000004178       0x64 zephyr/arch/arch/arm/core/cortex_m/libarch__arm__core__cortex_m.a(scb.c.obj)
                0x0000000000004178                z_arm_init_arch_hw_at_boot
 .text.z_impl_k_thread_abort
                0x00000000000041dc       0x2c zephyr/arch/arch/arm/core/cortex_m/libarch__arm__core__cortex_m.a(thread_abort.c.obj)
                0x00000000000041dc                z_impl_k_thread_abort
 .text.z_arm_pendsv
                0x0000000000004208       0x60 zephyr/arch/arch/arm/core/cortex_m/libarch__arm__core__cortex_m.a(swap_helper.S.obj)
                0x0000000000004208                z_arm_pendsv
 .text.z_arm_svc
                0x0000000000004268       0x24 zephyr/arch/arch/arm/core/cortex_m/libarch__arm__core__cortex_m.a(swap_helper.S.obj)
                0x0000000000004268                z_arm_svc
 .text.arm_irq_enable
                0x000000000000428c       0x1c zephyr/arch/arch/arm/core/cortex_m/libarch__arm__core__cortex_m.a(irq_manage.c.obj)
                0x000000000000428c                arm_irq_enable
 .text.arm_irq_is_enabled
                0x00000000000042a8       0x1c zephyr/arch/arch/arm/core/cortex_m/libarch__arm__core__cortex_m.a(irq_manage.c.obj)
                0x00000000000042a8                arm_irq_is_enabled
 .text.arm_irq_priority_set
                0x00000000000042c4       0x30 zephyr/arch/arch/arm/core/cortex_m/libarch__arm__core__cortex_m.a(irq_manage.c.obj)
                0x00000000000042c4                arm_irq_priority_set
 .text.relocate_vector_table
                0x00000000000042f4       0x1c zephyr/arch/arch/arm/core/cortex_m/libarch__arm__core__cortex_m.a(prep_c.c.obj)
                0x00000000000042f4                relocate_vector_table
 .text.z_prep_c
                0x0000000000004310       0x28 zephyr/arch/arch/arm/core/cortex_m/libarch__arm__core__cortex_m.a(prep_c.c.obj)
                0x0000000000004310                z_prep_c
 .text.arch_new_thread
                0x0000000000004338       0x38 zephyr/arch/arch/arm/core/cortex_m/libarch__arm__core__cortex_m.a(thread.c.obj)
                0x0000000000004338                arch_new_thread
 .text.z_check_thread_stack_fail
                0x0000000000004370       0x2c zephyr/arch/arch/arm/core/cortex_m/libarch__arm__core__cortex_m.a(thread.c.obj)
                0x0000000000004370                z_check_thread_stack_fail
 .text.arch_switch_to_main_thread
                0x000000000000439c       0x3c zephyr/arch/arch/arm/core/cortex_m/libarch__arm__core__cortex_m.a(thread.c.obj)
                0x000000000000439c                arch_switch_to_main_thread
 .text.z_arm_cpu_idle_init
                0x00000000000043d8        0xc zephyr/arch/arch/arm/core/cortex_m/libarch__arm__core__cortex_m.a(cpu_idle.c.obj)
                0x00000000000043d8                z_arm_cpu_idle_init
 .text.z_arm_interrupt_init
                0x00000000000043e4       0x18 zephyr/arch/arch/arm/core/cortex_m/libarch__arm__core__cortex_m.a(irq_init.c.obj)
                0x00000000000043e4                z_arm_interrupt_init
 .text._isr_wrapper
                0x00000000000043fc       0x24 zephyr/arch/arch/arm/core/cortex_m/libarch__arm__core__cortex_m.a(isr_wrapper.c.obj)
                0x00000000000043fc                _isr_wrapper
 .text.z_arm_configure_static_mpu_regions
                0x0000000000004420       0x18 zephyr/arch/arch/arm/core/mpu/libarch__arm__core__mpu.a(arm_core_mpu.c.obj)
                0x0000000000004420                z_arm_configure_static_mpu_regions
 .text.z_arm_configure_dynamic_mpu_regions
                0x0000000000004438       0x20 zephyr/arch/arch/arm/core/mpu/libarch__arm__core__mpu.a(arm_core_mpu.c.obj)
                0x0000000000004438                z_arm_configure_dynamic_mpu_regions
 .text.region_allocate_and_init
                0x0000000000004458       0x54 zephyr/arch/arch/arm/core/mpu/libarch__arm__core__mpu.a(arm_mpu.c.obj)
 .text.mpu_configure_regions
                0x00000000000044ac       0x68 zephyr/arch/arch/arm/core/mpu/libarch__arm__core__mpu.a(arm_mpu.c.obj)
 .text.arm_core_mpu_enable
                0x0000000000004514       0x18 zephyr/arch/arch/arm/core/mpu/libarch__arm__core__mpu.a(arm_mpu.c.obj)
                0x0000000000004514                arm_core_mpu_enable
 .text.arm_core_mpu_disable
                0x000000000000452c       0x14 zephyr/arch/arch/arm/core/mpu/libarch__arm__core__mpu.a(arm_mpu.c.obj)
                0x000000000000452c                arm_core_mpu_disable
 .text.arm_core_mpu_configure_static_mpu_regions
                0x0000000000004540       0x14 zephyr/arch/arch/arm/core/mpu/libarch__arm__core__mpu.a(arm_mpu.c.obj)
                0x0000000000004540                arm_core_mpu_configure_static_mpu_regions
 .text.arm_core_mpu_configure_dynamic_mpu_regions
                0x0000000000004554       0x38 zephyr/arch/arch/arm/core/mpu/libarch__arm__core__mpu.a(arm_mpu.c.obj)
                0x0000000000004554                arm_core_mpu_configure_dynamic_mpu_regions
 .text.z_arm_mpu_init
                0x000000000000458c      0x17c zephyr/arch/arch/arm/core/mpu/libarch__arm__core__mpu.a(arm_mpu.c.obj)
                0x000000000000458c                z_arm_mpu_init
 .text.cbvprintf
                0x0000000000004708       0x38 zephyr/lib/libc/picolibc/liblib__libc__picolibc.a(cbprintf.c.obj)
                0x0000000000004708                cbvprintf
 .text.z_impl_zephyr_fputc
                0x0000000000004740       0x10 zephyr/lib/libc/picolibc/liblib__libc__picolibc.a(stdio.c.obj)
                0x0000000000004740                z_impl_zephyr_fputc
 .text.__stdout_hook_install
                0x0000000000004750       0x18 zephyr/lib/libc/picolibc/liblib__libc__picolibc.a(stdio.c.obj)
                0x0000000000004750                __stdout_hook_install
 .text.malloc_prepare
                0x0000000000004768       0x24 zephyr/lib/libc/common/liblib__libc__common.a(malloc.c.obj)
 .text.nordicsemi_nrf52_init
                0x000000000000478c       0x10 zephyr/soc/soc/nrf52840/libsoc__nordic.a(soc.c.obj)
 .text.arch_busy_wait
                0x000000000000479c       0x24 zephyr/soc/soc/nrf52840/libsoc__nordic.a(soc.c.obj)
                0x000000000000479c                arch_busy_wait
 .text.gppi_init
                0x00000000000047c0       0x1c zephyr/soc/soc/nrf52840/libsoc__nordic.a(gppi_init.c.obj)
 .text.crc8_ccitt
                0x00000000000047dc       0x2c zephyr/subsys/crc/libsubsys__crc.a(crc8_sw.c.obj)
                0x00000000000047dc                crc8_ccitt
 .text.onoff_stop
                0x0000000000004808       0x30 zephyr/drivers/clock_control/libdrivers__clock_control.a(clock_control_nrf.c.obj)
 .text.onoff_start
                0x0000000000004838       0x44 zephyr/drivers/clock_control/libdrivers__clock_control.a(clock_control_nrf.c.obj)
 .text.clk_init
                0x000000000000487c       0x58 zephyr/drivers/clock_control/libdrivers__clock_control.a(clock_control_nrf.c.obj)
 .text.api_blocking_start
                0x00000000000048d4       0x34 zephyr/drivers/clock_control/libdrivers__clock_control.a(clock_control_nrf.c.obj)
 .text.generic_hfclk_stop
                0x0000000000004908       0x34 zephyr/drivers/clock_control/libdrivers__clock_control.a(clock_control_nrf.c.obj)
 .text.clkstarted_handle.constprop.0
                0x000000000000493c       0x4c zephyr/drivers/clock_control/libdrivers__clock_control.a(clock_control_nrf.c.obj)
 .text.generic_hfclk_start
                0x0000000000004988       0x78 zephyr/drivers/clock_control/libdrivers__clock_control.a(clock_control_nrf.c.obj)
 .text.clock_event_handler
                0x0000000000004a00       0x1c zephyr/drivers/clock_control/libdrivers__clock_control.a(clock_control_nrf.c.obj)
 .text.z_nrf_clock_control_lf_on
                0x0000000000004a1c       0xfc zephyr/drivers/clock_control/libdrivers__clock_control.a(clock_control_nrf.c.obj)
                0x0000000000004a1c                z_nrf_clock_control_lf_on
 .text.uart_console_init
                0x0000000000004b18       0x28 zephyr/drivers/console/libdrivers__console.a(uart_console.c.obj)
 .text.console_out
                0x0000000000004b40       0x28 zephyr/drivers/console/libdrivers__console.a(uart_console.c.obj)
 .text.qspi_nor_pages_layout
                0x0000000000004b68       0x10 zephyr/drivers/flash/libdrivers__flash.a(nrf_qspi_nor.c.obj)
 .text.qspi_flash_get_parameters
                0x0000000000004b78        0x8 zephyr/drivers/flash/libdrivers__flash.a(nrf_qspi_nor.c.obj)
 .text.nrf_qspi_pins_set.constprop.0
                0x0000000000004b80       0x5c zephyr/drivers/flash/libdrivers__flash.a(nrf_qspi_nor.c.obj)
 .text.qspi_send_cmd.constprop.0
                0x0000000000004bdc       0x74 zephyr/drivers/flash/libdrivers__flash.a(nrf_qspi_nor.c.obj)
 .text.qspi_nor_init
                0x0000000000004c50      0x248 zephyr/drivers/flash/libdrivers__flash.a(nrf_qspi_nor.c.obj)
 .text.qspi_nor_read
                0x0000000000004e98      0x124 zephyr/drivers/flash/libdrivers__flash.a(nrf_qspi_nor.c.obj)
 .text.qspi_nor_write
                0x0000000000004fbc      0x110 zephyr/drivers/flash/libdrivers__flash.a(nrf_qspi_nor.c.obj)
 .text.qspi_nor_erase
                0x00000000000050cc      0x12c zephyr/drivers/flash/libdrivers__flash.a(nrf_qspi_nor.c.obj)
 .text.flash_nrf_pages_layout
                0x00000000000051f8       0x10 zephyr/drivers/flash/libdrivers__flash.a(soc_flash_nrf.c.obj)
 .text.flash_nrf_get_parameters
                0x0000000000005208        0x8 zephyr/drivers/flash/libdrivers__flash.a(soc_flash_nrf.c.obj)
 .text.flash_nrf_read.part.0
                0x0000000000005210       0x24 zephyr/drivers/flash/libdrivers__flash.a(soc_flash_nrf.c.obj)
 .text.nrf_flash_init
                0x0000000000005234       0x28 zephyr/drivers/flash/libdrivers__flash.a(soc_flash_nrf.c.obj)
 .text.restore_pofwarn.part.0
                0x000000000000525c       0x2c zephyr/drivers/flash/libdrivers__flash.a(soc_flash_nrf.c.obj)
 .text.suspend_pofwarn
                0x0000000000005288       0x58 zephyr/drivers/flash/libdrivers__flash.a(soc_flash_nrf.c.obj)
 .text.flash_nrf_erase
                0x00000000000052e0       0xac zephyr/drivers/flash/libdrivers__flash.a(soc_flash_nrf.c.obj)
 .text.flash_nrf_write
                0x000000000000538c       0xb0 zephyr/drivers/flash/libdrivers__flash.a(soc_flash_nrf.c.obj)
 .text.gpio_nrfx_pin_interrupt_configure
                0x000000000000543c       0xfc zephyr/drivers/gpio/libdrivers__gpio.a(gpio_nrfx.c.obj)
 .text.nrfx_gpio_handler
                0x0000000000005538       0x4c zephyr/drivers/gpio/libdrivers__gpio.a(gpio_nrfx.c.obj)
 .text.gpio_nrfx_init
                0x0000000000005584       0x3c zephyr/drivers/gpio/libdrivers__gpio.a(gpio_nrfx.c.obj)
 .text.gpio_nrfx_pin_configure
                0x00000000000055c0      0x180 zephyr/drivers/gpio/libdrivers__gpio.a(gpio_nrfx.c.obj)
 .text.pinctrl_configure_pins
                0x0000000000005740      0x170 zephyr/drivers/pinctrl/libdrivers__pinctrl.a(pinctrl_nrf.c.obj)
                0x0000000000005740                pinctrl_configure_pins
 .text.uarte_nrfx_poll_out
                0x00000000000058b0       0xb4 zephyr/drivers/serial/libdrivers__serial.a(uart_nrfx_uarte.c.obj)
 .text.uarte_instance_init.constprop.0
                0x0000000000005964      0x100 zephyr/drivers/serial/libdrivers__serial.a(uart_nrfx_uarte.c.obj)
 .text.compare_int_lock
                0x0000000000005a64       0x48 zephyr/drivers/timer/libdrivers__timer.a(nrf_rtc_timer.c.obj)
 .text.sys_clock_timeout_handler
                0x0000000000005aac       0x48 zephyr/drivers/timer/libdrivers__timer.a(nrf_rtc_timer.c.obj)
 .text.compare_int_unlock
                0x0000000000005af4       0x5c zephyr/drivers/timer/libdrivers__timer.a(nrf_rtc_timer.c.obj)
 .text.z_nrf_rtc_timer_read
                0x0000000000005b50       0x44 zephyr/drivers/timer/libdrivers__timer.a(nrf_rtc_timer.c.obj)
                0x0000000000005b50                z_nrf_rtc_timer_read
 .text.compare_set
                0x0000000000005b94      0x130 zephyr/drivers/timer/libdrivers__timer.a(nrf_rtc_timer.c.obj)
 .text.sys_clock_driver_init
                0x0000000000005cc4       0x90 zephyr/drivers/timer/libdrivers__timer.a(nrf_rtc_timer.c.obj)
 .text.rtc_nrf_isr
                0x0000000000005d54       0xd4 zephyr/drivers/timer/libdrivers__timer.a(nrf_rtc_timer.c.obj)
                0x0000000000005d54                rtc_nrf_isr
 .text.sys_clock_set_timeout
                0x0000000000005e28       0x5c zephyr/drivers/timer/libdrivers__timer.a(nrf_rtc_timer.c.obj)
                0x0000000000005e28                sys_clock_set_timeout
 .text.sys_clock_elapsed
                0x0000000000005e84       0x14 zephyr/drivers/timer/libdrivers__timer.a(nrf_rtc_timer.c.obj)
                0x0000000000005e84                sys_clock_elapsed
 .text.nrf52_errata_98
                0x0000000000005e98       0x24 modules/hal_nordic/modules/hal_nordic/nrfx/libmodules__hal_nordic__nrfx.a(system_nrf52840.c.obj)
 .text.SystemInit
                0x0000000000005ebc      0x154 modules/hal_nordic/modules/hal_nordic/nrfx/libmodules__hal_nordic__nrfx.a(system_nrf52840.c.obj)
                0x0000000000005ebc                SystemInit
 .text.nrfx_gppi_init
                0x0000000000006010        0xc modules/hal_nordic/modules/hal_nordic/nrfx/libmodules__hal_nordic__nrfx.a(nrfx_gppi_ppi.c.obj)
                0x0000000000006010                nrfx_gppi_init
 .text.nrfx_gppi_domain_conn_alloc
                0x000000000000601c       0x1c modules/hal_nordic/modules/hal_nordic/nrfx/libmodules__hal_nordic__nrfx.a(nrfx_gppi_ppi.c.obj)
                0x000000000000601c                nrfx_gppi_domain_conn_alloc
 .text.nrfx_gppi_conn_enable
                0x0000000000006038       0x10 modules/hal_nordic/modules/hal_nordic/nrfx/libmodules__hal_nordic__nrfx.a(nrfx_gppi_ppi.c.obj)
                0x0000000000006038                nrfx_gppi_conn_enable
 .text.hfclk_event_handler
                0x0000000000006048        0xc modules/hal_nordic/modules/hal_nordic/nrfx/libmodules__hal_nordic__nrfx.a(nrfx_clock.c.obj)
 .text.lfclk_event_handler
                0x0000000000006054        0xc modules/hal_nordic/modules/hal_nordic/nrfx/libmodules__hal_nordic__nrfx.a(nrfx_clock.c.obj)
 .text.nrfx_clock_init
                0x0000000000006060       0x40 modules/hal_nordic/modules/hal_nordic/nrfx/libmodules__hal_nordic__nrfx.a(nrfx_clock.c.obj)
                0x0000000000006060                nrfx_clock_init
 .text.nrfx_clock_enable
                0x00000000000060a0       0x20 modules/hal_nordic/modules/hal_nordic/nrfx/libmodules__hal_nordic__nrfx.a(nrfx_clock.c.obj)
                0x00000000000060a0                nrfx_clock_enable
 .text.nrf52_errata_201
                0x00000000000060c0       0x24 modules/hal_nordic/modules/hal_nordic/nrfx/libmodules__hal_nordic__nrfx.a(nrfx_clock_hfclk.c.obj)
 .text.clock_stop
                0x00000000000060e4       0x4c modules/hal_nordic/modules/hal_nordic/nrfx/libmodules__hal_nordic__nrfx.a(nrfx_clock_hfclk.c.obj)
 .text.nrfx_clock_hfclk_init
                0x0000000000006130       0x28 modules/hal_nordic/modules/hal_nordic/nrfx/libmodules__hal_nordic__nrfx.a(nrfx_clock_hfclk.c.obj)
                0x0000000000006130                nrfx_clock_hfclk_init
 .text.nrfx_clock_hfclk_start
                0x0000000000006158       0x38 modules/hal_nordic/modules/hal_nordic/nrfx/libmodules__hal_nordic__nrfx.a(nrfx_clock_hfclk.c.obj)
                0x0000000000006158                nrfx_clock_hfclk_start
 .text.nrfx_clock_hfclk_irq_handler
                0x0000000000006190       0x40 modules/hal_nordic/modules/hal_nordic/nrfx/libmodules__hal_nordic__nrfx.a(nrfx_clock_hfclk.c.obj)
                0x0000000000006190                nrfx_clock_hfclk_irq_handler
 .text.nrfx_clock_lfclk_init
                0x00000000000061d0       0x24 modules/hal_nordic/modules/hal_nordic/nrfx/libmodules__hal_nordic__nrfx.a(nrfx_clock_lfclk.c.obj)
                0x00000000000061d0                nrfx_clock_lfclk_init
 .text.nrfx_clock_lfclk_start
                0x00000000000061f4       0x80 modules/hal_nordic/modules/hal_nordic/nrfx/libmodules__hal_nordic__nrfx.a(nrfx_clock_lfclk.c.obj)
                0x00000000000061f4                nrfx_clock_lfclk_start
 .text.nrfx_clock_lfclk_irq_handler
                0x0000000000006274       0x70 modules/hal_nordic/modules/hal_nordic/nrfx/libmodules__hal_nordic__nrfx.a(nrfx_clock_lfclk.c.obj)
                0x0000000000006274                nrfx_clock_lfclk_irq_handler
 .text.nrf_gpio_pin_port_decode
                0x00000000000062e4       0x20 modules/hal_nordic/modules/hal_nordic/nrfx/libmodules__hal_nordic__nrfx.a(nrfx_gpiote.c.obj)
 .text.get_pin_idx
                0x0000000000006304       0x14 modules/hal_nordic/modules/hal_nordic/nrfx/libmodules__hal_nordic__nrfx.a(nrfx_gpiote.c.obj)
 .text.latch_pending_read_and_check
                0x0000000000006318       0x64 modules/hal_nordic/modules/hal_nordic/nrfx/libmodules__hal_nordic__nrfx.a(nrfx_gpiote.c.obj)
 .text.pin_uninit
                0x000000000000637c       0x7c modules/hal_nordic/modules/hal_nordic/nrfx/libmodules__hal_nordic__nrfx.a(nrfx_gpiote.c.obj)
 .text.nrfx_gpiote_channel_free
                0x00000000000063f8        0xc modules/hal_nordic/modules/hal_nordic/nrfx/libmodules__hal_nordic__nrfx.a(nrfx_gpiote.c.obj)
                0x00000000000063f8                nrfx_gpiote_channel_free
 .text.nrfx_gpiote_channel_alloc
                0x0000000000006404       0x18 modules/hal_nordic/modules/hal_nordic/nrfx/libmodules__hal_nordic__nrfx.a(nrfx_gpiote.c.obj)
                0x0000000000006404                nrfx_gpiote_channel_alloc
 .text.nrfx_gpiote_irq_handler
                0x000000000000641c      0x1d0 modules/hal_nordic/modules/hal_nordic/nrfx/libmodules__hal_nordic__nrfx.a(nrfx_gpiote.c.obj)
                0x000000000000641c                nrfx_gpiote_irq_handler
 .text.nvmc_word_write
                0x00000000000065ec       0x18 modules/hal_nordic/modules/hal_nordic/nrfx/libmodules__hal_nordic__nrfx.a(nrfx_nvmc.c.obj)
 .text.nrfx_nvmc_page_erase
                0x0000000000006604       0x38 modules/hal_nordic/modules/hal_nordic/nrfx/libmodules__hal_nordic__nrfx.a(nrfx_nvmc.c.obj)
                0x0000000000006604                nrfx_nvmc_page_erase
 .text.nrfx_nvmc_word_write
                0x000000000000663c       0x1c modules/hal_nordic/modules/hal_nordic/nrfx/libmodules__hal_nordic__nrfx.a(nrfx_nvmc.c.obj)
                0x000000000000663c                nrfx_nvmc_word_write
 .text.qspi_ready_wait
                0x0000000000006658       0x50 modules/hal_nordic/modules/hal_nordic/nrfx/libmodules__hal_nordic__nrfx.a(nrfx_qspi.c.obj)
 .text.qspi_activate
                0x00000000000066a8       0x2c modules/hal_nordic/modules/hal_nordic/nrfx/libmodules__hal_nordic__nrfx.a(nrfx_qspi.c.obj)
 .text.qspi_xfer
                0x00000000000066d4       0xdc modules/hal_nordic/modules/hal_nordic/nrfx/libmodules__hal_nordic__nrfx.a(nrfx_qspi.c.obj)
 .text.qspi_event_xfer_handle.constprop.0
                0x00000000000067b0       0x28 modules/hal_nordic/modules/hal_nordic/nrfx/libmodules__hal_nordic__nrfx.a(nrfx_qspi.c.obj)
 .text.nrf_gpio_cfg.constprop.0
                0x00000000000067d8       0x44 modules/hal_nordic/modules/hal_nordic/nrfx/libmodules__hal_nordic__nrfx.a(nrfx_qspi.c.obj)
 .text.nrf_qspi_cinstrdata_get.constprop.0
                0x000000000000681c       0x40 modules/hal_nordic/modules/hal_nordic/nrfx/libmodules__hal_nordic__nrfx.a(nrfx_qspi.c.obj)
 .text.nrf_qspi_cinstrdata_set.constprop.0
                0x000000000000685c       0x64 modules/hal_nordic/modules/hal_nordic/nrfx/libmodules__hal_nordic__nrfx.a(nrfx_qspi.c.obj)
 .text.nrf_qspi_pins_set.constprop.0
                0x00000000000068c0       0x5c modules/hal_nordic/modules/hal_nordic/nrfx/libmodules__hal_nordic__nrfx.a(nrfx_qspi.c.obj)
 .text.qspi_workaround_215_43_apply
                0x000000000000691c       0x70 modules/hal_nordic/modules/hal_nordic/nrfx/libmodules__hal_nordic__nrfx.a(nrfx_qspi.c.obj)
 .text.qspi_configure
                0x000000000000698c       0xf4 modules/hal_nordic/modules/hal_nordic/nrfx/libmodules__hal_nordic__nrfx.a(nrfx_qspi.c.obj)
 .text.qspi_deactivate
                0x0000000000006a80       0x34 modules/hal_nordic/modules/hal_nordic/nrfx/libmodules__hal_nordic__nrfx.a(nrfx_qspi.c.obj)
 .text.nrfx_qspi_init
                0x0000000000006ab4       0x38 modules/hal_nordic/modules/hal_nordic/nrfx/libmodules__hal_nordic__nrfx.a(nrfx_qspi.c.obj)
                0x0000000000006ab4                nrfx_qspi_init
 .text.nrfx_qspi_cinstr_xfer
                0x0000000000006aec       0xa8 modules/hal_nordic/modules/hal_nordic/nrfx/libmodules__hal_nordic__nrfx.a(nrfx_qspi.c.obj)
                0x0000000000006aec                nrfx_qspi_cinstr_xfer
 .text.nrfx_qspi_activate
                0x0000000000006b94       0x18 modules/hal_nordic/modules/hal_nordic/nrfx/libmodules__hal_nordic__nrfx.a(nrfx_qspi.c.obj)
                0x0000000000006b94                nrfx_qspi_activate
 .text.nrfx_qspi_deactivate
                0x0000000000006bac       0x20 modules/hal_nordic/modules/hal_nordic/nrfx/libmodules__hal_nordic__nrfx.a(nrfx_qspi.c.obj)
                0x0000000000006bac                nrfx_qspi_deactivate
 .text.nrfx_qspi_init_check
                0x0000000000006bcc       0x14 modules/hal_nordic/modules/hal_nordic/nrfx/libmodules__hal_nordic__nrfx.a(nrfx_qspi.c.obj)
                0x0000000000006bcc                nrfx_qspi_init_check
 .text.nrfx_qspi_erase
                0x0000000000006be0       0x90 modules/hal_nordic/modules/hal_nordic/nrfx/libmodules__hal_nordic__nrfx.a(nrfx_qspi.c.obj)
                0x0000000000006be0                nrfx_qspi_erase
 .text.QSPI_IRQHandler
                0x0000000000006c70       0x94 modules/hal_nordic/modules/hal_nordic/nrfx/libmodules__hal_nordic__nrfx.a(nrfx_qspi.c.obj)
                0x0000000000006c70                QSPI_IRQHandler
 .text._DoInit  0x0000000000006d04       0x60 modules/segger/libmodules__segger.a(SEGGER_RTT.c.obj)
 .text.SEGGER_RTT_WriteSkipNoLock
                0x0000000000006d64       0x88 modules/segger/libmodules__segger.a(SEGGER_RTT.c.obj)
                0x0000000000006d64                SEGGER_RTT_WriteSkipNoLock
 .text.SEGGER_RTT_HasDataUp
                0x0000000000006dec       0x14 modules/segger/libmodules__segger.a(SEGGER_RTT.c.obj)
                0x0000000000006dec                SEGGER_RTT_HasDataUp
 .text.SEGGER_RTT_Init
                0x0000000000006e00       0x2c modules/segger/libmodules__segger.a(SEGGER_RTT.c.obj)
                0x0000000000006e00                SEGGER_RTT_Init
 .text.k_sys_fatal_error_handler
                0x0000000000006e2c       0x20 zephyr/kernel/libkernel.a(fatal.c.obj)
                0x0000000000006e2c                k_sys_fatal_error_handler
 .text.z_fatal_error
                0x0000000000006e4c       0xe8 zephyr/kernel/libkernel.a(fatal.c.obj)
                0x0000000000006e4c                z_fatal_error
 .text.z_sys_init_run_level
                0x0000000000006f34       0x30 zephyr/kernel/libkernel.a(init.c.obj)
 .text.bg_thread_main
                0x0000000000006f64       0xc0 zephyr/kernel/libkernel.a(init.c.obj)
 .text.z_init_cpu
                0x0000000000007024       0x70 zephyr/kernel/libkernel.a(init.c.obj)
                0x0000000000007024                z_init_cpu
 .text.z_cstart
                0x0000000000007094       0xd0 zephyr/kernel/libkernel.a(init.c.obj)
                0x0000000000007094                z_cstart
 .text.init_mem_slab_obj_core_list
                0x0000000000007164       0x24 zephyr/kernel/libkernel.a(mem_slab.c.obj)
 .text.k_mem_slab_alloc
                0x0000000000007188       0x5c zephyr/kernel/libkernel.a(mem_slab.c.obj)
                0x0000000000007188                k_mem_slab_alloc
 .text.z_impl_k_mutex_lock
                0x00000000000071e4       0xf0 zephyr/kernel/libkernel.a(mutex.c.obj)
                0x00000000000071e4                z_impl_k_mutex_lock
 .text.z_impl_k_mutex_unlock
                0x00000000000072d4       0xa0 zephyr/kernel/libkernel.a(mutex.c.obj)
                0x00000000000072d4                z_impl_k_mutex_unlock
 .text.z_impl_k_sem_give
                0x0000000000007374       0x68 zephyr/kernel/libkernel.a(sem.c.obj)
                0x0000000000007374                z_impl_k_sem_give
 .text.z_impl_k_sem_take
                0x00000000000073dc       0x4c zephyr/kernel/libkernel.a(sem.c.obj)
                0x00000000000073dc                z_impl_k_sem_take
 .text.work_queue_main
                0x0000000000007428      0x14c zephyr/kernel/libkernel.a(work.c.obj)
 .text.submit_to_queue_locked
                0x0000000000007574       0xb8 zephyr/kernel/libkernel.a(work.c.obj)
 .text.k_work_submit
                0x000000000000762c        0xc zephyr/kernel/libkernel.a(work.c.obj)
                0x000000000000762c                k_work_submit
 .text.k_work_queue_start
                0x0000000000007638       0x80 zephyr/kernel/libkernel.a(work.c.obj)
                0x0000000000007638                k_work_queue_start
 .text.z_setup_new_thread
                0x00000000000076b8       0x98 zephyr/kernel/libkernel.a(thread.c.obj)
                0x00000000000076b8                z_setup_new_thread
 .text.z_impl_k_thread_create
                0x0000000000007750       0x58 zephyr/kernel/libkernel.a(thread.c.obj)
                0x0000000000007750                z_impl_k_thread_create
 .text.z_dummy_thread_init
                0x00000000000077a8       0x20 zephyr/kernel/libkernel.a(thread.c.obj)
                0x00000000000077a8                z_dummy_thread_init
 .text.z_swap_irqlock
                0x00000000000077c8       0x30 zephyr/kernel/libkernel.a(sched.c.obj)
 .text.ready_thread
                0x00000000000077f8       0x84 zephyr/kernel/libkernel.a(sched.c.obj)
 .text.unready_thread
                0x000000000000787c       0x54 zephyr/kernel/libkernel.a(sched.c.obj)
 .text.add_thread_timeout
                0x00000000000078d0       0x1c zephyr/kernel/libkernel.a(sched.c.obj)
 .text.move_thread_to_end_of_prio_q
                0x00000000000078ec       0x90 zephyr/kernel/libkernel.a(sched.c.obj)
                0x00000000000078ec                move_thread_to_end_of_prio_q
 .text.z_pend_curr
                0x000000000000797c       0x44 zephyr/kernel/libkernel.a(sched.c.obj)
                0x000000000000797c                z_pend_curr
 .text.z_thread_prio_set
                0x00000000000079c0       0xe4 zephyr/kernel/libkernel.a(sched.c.obj)
                0x00000000000079c0                z_thread_prio_set
 .text.z_reschedule
                0x0000000000007aa4       0x24 zephyr/kernel/libkernel.a(sched.c.obj)
                0x0000000000007aa4                z_reschedule
 .text.z_reschedule_irqlock
                0x0000000000007ac8       0x28 zephyr/kernel/libkernel.a(sched.c.obj)
                0x0000000000007ac8                z_reschedule_irqlock
 .text.k_sched_lock
                0x0000000000007af0       0x28 zephyr/kernel/libkernel.a(sched.c.obj)
                0x0000000000007af0                k_sched_lock
 .text.k_sched_unlock
                0x0000000000007b18       0x68 zephyr/kernel/libkernel.a(sched.c.obj)
                0x0000000000007b18                k_sched_unlock
 .text.z_sched_init
                0x0000000000007b80       0x10 zephyr/kernel/libkernel.a(sched.c.obj)
                0x0000000000007b80                z_sched_init
 .text.z_impl_k_yield
                0x0000000000007b90       0x88 zephyr/kernel/libkernel.a(sched.c.obj)
                0x0000000000007b90                z_impl_k_yield
 .text.z_tick_sleep
                0x0000000000007c18       0x78 zephyr/kernel/libkernel.a(sched.c.obj)
 .text.z_impl_k_wakeup
                0x0000000000007c90       0x48 zephyr/kernel/libkernel.a(sched.c.obj)
                0x0000000000007c90                z_impl_k_wakeup
 .text.z_impl_k_sched_current_thread_query
                0x0000000000007cd8        0xc zephyr/kernel/libkernel.a(sched.c.obj)
                0x0000000000007cd8                z_impl_k_sched_current_thread_query
 .text.z_thread_abort
                0x0000000000007ce4      0x140 zephyr/kernel/libkernel.a(sched.c.obj)
                0x0000000000007ce4                z_thread_abort
 .text.z_sched_wait
                0x0000000000007e24       0x24 zephyr/kernel/libkernel.a(sched.c.obj)
                0x0000000000007e24                z_sched_wait
 .text.slice_timeout
                0x0000000000007e48       0x20 zephyr/kernel/libkernel.a(timeslicing.c.obj)
 .text.thread_is_sliceable
                0x0000000000007e68       0x3c zephyr/kernel/libkernel.a(timeslicing.c.obj)
                0x0000000000007e68                thread_is_sliceable
 .text.z_reset_time_slice
                0x0000000000007ea4       0x50 zephyr/kernel/libkernel.a(timeslicing.c.obj)
                0x0000000000007ea4                z_reset_time_slice
 .text.z_time_slice
                0x0000000000007ef4       0x60 zephyr/kernel/libkernel.a(timeslicing.c.obj)
                0x0000000000007ef4                z_time_slice
 .text.first    0x0000000000007f54       0x10 zephyr/kernel/libkernel.a(timeout.c.obj)
 .text.elapsed  0x0000000000007f64       0x14 zephyr/kernel/libkernel.a(timeout.c.obj)
 .text.remove_timeout
                0x0000000000007f78       0x38 zephyr/kernel/libkernel.a(timeout.c.obj)
 .text.z_add_timeout
                0x0000000000007fb0      0x120 zephyr/kernel/libkernel.a(timeout.c.obj)
                0x0000000000007fb0                z_add_timeout
 .text.sys_clock_announce
                0x00000000000080d0       0xc0 zephyr/kernel/libkernel.a(timeout.c.obj)
                0x00000000000080d0                sys_clock_announce
 .text.sys_clock_tick_get
                0x0000000000008190       0x30 zephyr/kernel/libkernel.a(timeout.c.obj)
                0x0000000000008190                sys_clock_tick_get
 .text.z_timer_expiration_handler
                0x00000000000081c0      0x110 zephyr/kernel/libkernel.a(timer.c.obj)
                0x00000000000081c0                z_timer_expiration_handler
 .text.z_impl_k_timer_start
                0x00000000000082d0       0x70 zephyr/kernel/libkernel.a(timer.c.obj)
                0x00000000000082d0                z_impl_k_timer_start
 .text.k_thread_system_pool_assign
                0x0000000000008340        0xc zephyr/kernel/libkernel.a(mempool.c.obj)
                0x0000000000008340                k_thread_system_pool_assign
 .text.statics_init
                0x000000000000834c       0x24 zephyr/kernel/libkernel.a(kheap.c.obj)
 .text.k_sys_work_q_init
                0x0000000000008370       0x2c zephyr/kernel/libkernel.a(system_work_q.c.obj)
 .text.nrf_cc3xx_platform_init_no_rng
                0x000000000000839c       0x38 C:/ncs/nrfxlib/crypto/nrf_cc310_platform/lib/cortex-m4/soft-float/no-interrupts/libnrf_cc310_platform_0.9.19.a(nrf_cc3xx_platform.c.obj)
                0x000000000000839c                nrf_cc3xx_platform_init_no_rng
 .text.nrf_cc3xx_platform_abort
                0x00000000000083d4       0x24 C:/ncs/nrfxlib/crypto/nrf_cc310_platform/lib/cortex-m4/soft-float/no-interrupts/libnrf_cc310_platform_0.9.19.a(nrf_cc3xx_platform_abort.c.obj)
 .text.CC_PalAbort
                0x00000000000083f8       0x34 C:/ncs/nrfxlib/crypto/nrf_cc310_platform/lib/cortex-m4/soft-float/no-interrupts/libnrf_cc310_platform_0.9.19.a(nrf_cc3xx_platform_abort.c.obj)
                0x00000000000083f8                CC_PalAbort
 .text.nrf_cc3xx_platform_set_abort
                0x000000000000842c       0x10 C:/ncs/nrfxlib/crypto/nrf_cc310_platform/lib/cortex-m4/soft-float/no-interrupts/libnrf_cc310_platform_0.9.19.a(nrf_cc3xx_platform_abort.c.obj)
                0x000000000000842c                nrf_cc3xx_platform_set_abort
 .text.mutex_free
                0x000000000000843c       0x34 C:/ncs/nrfxlib/crypto/nrf_cc310_platform/lib/cortex-m4/soft-float/no-interrupts/libnrf_cc310_platform_0.9.19.a(nrf_cc3xx_platform_mutex.c.obj)
 .text.mutex_lock
                0x0000000000008470       0x48 C:/ncs/nrfxlib/crypto/nrf_cc310_platform/lib/cortex-m4/soft-float/no-interrupts/libnrf_cc310_platform_0.9.19.a(nrf_cc3xx_platform_mutex.c.obj)
 .text.mutex_unlock
                0x00000000000084b8       0x38 C:/ncs/nrfxlib/crypto/nrf_cc310_platform/lib/cortex-m4/soft-float/no-interrupts/libnrf_cc310_platform_0.9.19.a(nrf_cc3xx_platform_mutex.c.obj)
 .text.mutex_init
                0x00000000000084f0       0x20 C:/ncs/nrfxlib/crypto/nrf_cc310_platform/lib/cortex-m4/soft-float/no-interrupts/libnrf_cc310_platform_0.9.19.a(nrf_cc3xx_platform_mutex.c.obj)
 .text.nrf_cc3xx_platform_set_mutexes
                0x0000000000008510       0x74 C:/ncs/nrfxlib/crypto/nrf_cc310_platform/lib/cortex-m4/soft-float/no-interrupts/libnrf_cc310_platform_0.9.19.a(nrf_cc3xx_platform_mutex.c.obj)
                0x0000000000008510                nrf_cc3xx_platform_set_mutexes
 .text.CC_LibInitNoRng
                0x0000000000008584       0x64 C:/ncs/nrfxlib/crypto/nrf_cc310_platform/lib/cortex-m4/soft-float/no-interrupts/libnrf_cc310_platform_0.9.19.a(cc_lib.c.obj)
                0x0000000000008584                CC_LibInitNoRng
 .text.CC_HalInit
                0x00000000000085e8        0x4 C:/ncs/nrfxlib/crypto/nrf_cc310_platform/lib/cortex-m4/soft-float/no-interrupts/libnrf_cc310_platform_0.9.19.a(cc_hal.c.obj)
                0x00000000000085e8                CC_HalInit
 .text.CC_HalTerminate
                0x00000000000085ec        0x4 C:/ncs/nrfxlib/crypto/nrf_cc310_platform/lib/cortex-m4/soft-float/no-interrupts/libnrf_cc310_platform_0.9.19.a(cc_hal.c.obj)
                0x00000000000085ec                CC_HalTerminate
 .text.CC_HalMaskInterrupt
                0x00000000000085f0        0xc C:/ncs/nrfxlib/crypto/nrf_cc310_platform/lib/cortex-m4/soft-float/no-interrupts/libnrf_cc310_platform_0.9.19.a(cc_hal.c.obj)
                0x00000000000085f0                CC_HalMaskInterrupt
 .text.CC_PalInit
                0x00000000000085fc       0x5c C:/ncs/nrfxlib/crypto/nrf_cc310_platform/lib/cortex-m4/soft-float/no-interrupts/libnrf_cc310_platform_0.9.19.a(cc_pal.c.obj)
                0x00000000000085fc                CC_PalInit
 .text.CC_PalTerminate
                0x0000000000008658       0x34 C:/ncs/nrfxlib/crypto/nrf_cc310_platform/lib/cortex-m4/soft-float/no-interrupts/libnrf_cc310_platform_0.9.19.a(cc_pal.c.obj)
                0x0000000000008658                CC_PalTerminate
 .text.CC_PalDmaInit
                0x000000000000868c        0x4 C:/ncs/nrfxlib/crypto/nrf_cc310_platform/lib/cortex-m4/soft-float/no-interrupts/libnrf_cc310_platform_0.9.19.a(cc_pal_dma.c.obj)
                0x000000000000868c                CC_PalDmaInit
 .text.CC_PalDmaTerminate
                0x0000000000008690        0x4 C:/ncs/nrfxlib/crypto/nrf_cc310_platform/lib/cortex-m4/soft-float/no-interrupts/libnrf_cc310_platform_0.9.19.a(cc_pal_dma.c.obj)
                0x0000000000008690                CC_PalDmaTerminate
 .text.CC_PalMutexCreate
                0x0000000000008694       0x14 C:/ncs/nrfxlib/crypto/nrf_cc310_platform/lib/cortex-m4/soft-float/no-interrupts/libnrf_cc310_platform_0.9.19.a(cc_pal_mutex.c.obj)
                0x0000000000008694                CC_PalMutexCreate
 .text.CC_PalMutexDestroy
                0x00000000000086a8       0x14 C:/ncs/nrfxlib/crypto/nrf_cc310_platform/lib/cortex-m4/soft-float/no-interrupts/libnrf_cc310_platform_0.9.19.a(cc_pal_mutex.c.obj)
                0x00000000000086a8                CC_PalMutexDestroy
 .text.CC_PalPowerSaveModeInit
                0x00000000000086bc       0x3c C:/ncs/nrfxlib/crypto/nrf_cc310_platform/lib/cortex-m4/soft-float/no-interrupts/libnrf_cc310_platform_0.9.19.a(cc_pal_pm.c.obj)
                0x00000000000086bc                CC_PalPowerSaveModeInit
 .text.CC_PalPowerSaveModeSelect
                0x00000000000086f8       0x84 C:/ncs/nrfxlib/crypto/nrf_cc310_platform/lib/cortex-m4/soft-float/no-interrupts/libnrf_cc310_platform_0.9.19.a(cc_pal_pm.c.obj)
                0x00000000000086f8                CC_PalPowerSaveModeSelect
 .text.snprintf
                0x000000000000877c       0x54 c:\zephyr-sdk-0.17.4\arm-zephyr-eabi\bin\../lib/gcc/../../picolibc/arm-zephyr-eabi/lib/thumb/v7e-m/nofp\libc.a(libc_tinystdio_snprintf.c.o)
                0x000000000000877c                snprintf
 .text.sscanf   0x00000000000087d0       0x40 c:\zephyr-sdk-0.17.4\arm-zephyr-eabi\bin\../lib/gcc/../../picolibc/arm-zephyr-eabi/lib/thumb/v7e-m/nofp\libc.a(libc_tinystdio_sscanf.c.o)
                0x00000000000087d0                sscanf
 .text.strtol   0x0000000000008810       0xec c:\zephyr-sdk-0.17.4\arm-zephyr-eabi\bin\../lib/gcc/../../picolibc/arm-zephyr-eabi/lib/thumb/v7e-m/nofp\libc.a(libc_tinystdio_strtol.c.o)
                0x0000000000008810                strtol
 .text.__l_vfprintf
                0x00000000000088fc      0x4b8 c:\zephyr-sdk-0.17.4\arm-zephyr-eabi\bin\../lib/gcc/../../picolibc/arm-zephyr-eabi/lib/thumb/v7e-m/nofp\libc.a(libc_tinystdio_vflprintf.c.o)
                0x00000000000088fc                __l_vfprintf
 .text.__l_vfscanf
                0x0000000000008db4      0x364 c:\zephyr-sdk-0.17.4\arm-zephyr-eabi\bin\../lib/gcc/../../picolibc/arm-zephyr-eabi/lib/thumb/v7e-m/nofp\libc.a(libc_tinystdio_vflscanf.c.o)
                0x0000000000008db4                __l_vfscanf
 .text._OffsetAbsSyms
                0x0000000000009118        0x2 zephyr/CMakeFiles/offsets.dir/./arch/arm/core/offsets/offsets.c.obj
                0x0000000000009118                _OffsetAbsSyms
 .text.k_msleep.isra.0
                0x000000000000911a       0x20 app/libapp.a(main.c.obj)
 .text.gpio_pin_configure_dt
                0x000000000000913a       0x3e app/libapp.a(gpio_ctrl.c.obj)
 .text.gpio_pin_get
                0x0000000000009178       0x28 app/libapp.a(gpio_ctrl.c.obj)
 .text.gpio_pin_set_dt
                0x00000000000091a0       0x28 app/libapp.a(gpio_ctrl.c.obj)
 .text.z_log_msg_simple_create_0
                0x00000000000091c8        0x4 app/libapp.a(gpio_ctrl.c.obj)
 .text.k_msleep.isra.0
                0x00000000000091cc       0x20 app/libapp.a(gpio_ctrl.c.obj)
 .text.k_msleep.isra.0
                0x00000000000091ec       0x20 app/libapp.a(modem.c.obj)
 .text.uart_poll_out
                0x000000000000920c        0x6 app/libapp.a(sms.c.obj)
 .text.z_log_msg_simple_create_0
                0x0000000000009212        0x4 app/libapp.a(sms.c.obj)
 .text.z_log_msg_static_create.constprop.0
                0x0000000000009216        0x6 app/libapp.a(sequence.c.obj)
 .text.k_msleep.isra.0
                0x000000000000921c       0x26 app/libapp.a(sequence.c.obj)
 .text.chunk_size
                0x0000000000009242        0xa zephyr/libzephyr.a(heap.c.obj)
 .text.free_list_add
                0x000000000000924c       0x4e zephyr/libzephyr.a(heap.c.obj)
 .text.sys_heap_init
                0x000000000000929a       0x7a zephyr/libzephyr.a(heap.c.obj)
                0x000000000000929a                sys_heap_init
 .text.cbpprintf_external
                0x0000000000009314       0x62 zephyr/libzephyr.a(cbprintf_packaged.c.obj)
                0x0000000000009314                cbpprintf_external
 .text.is_ptr   0x0000000000009376       0x4a zephyr/libzephyr.a(cbprintf_packaged.c.obj)
                0x0000000000009376                is_ptr
 .text.arch_printk_char_out
                0x00000000000093c0        0x4 zephyr/libzephyr.a(printk.c.obj)
                0x00000000000093c0                arch_printk_char_out
 .text.printk   0x00000000000093c4       0x1a zephyr/libzephyr.a(printk.c.obj)
                0x00000000000093c4                printk
 .text.free_space
                0x00000000000093de       0x26 zephyr/libzephyr.a(mpsc_pbuf.c.obj)
 .text.get_usage
                0x0000000000009404       0x22 zephyr/libzephyr.a(mpsc_pbuf.c.obj)
 .text.idx_inc  0x0000000000009426       0x1c zephyr/libzephyr.a(mpsc_pbuf.c.obj)
 .text.rd_idx_inc
                0x0000000000009442       0x18 zephyr/libzephyr.a(mpsc_pbuf.c.obj)
 .text.add_skip_item
                0x000000000000945a       0x3a zephyr/libzephyr.a(mpsc_pbuf.c.obj)
 .text.drop_item_locked
                0x0000000000009494      0x100 zephyr/libzephyr.a(mpsc_pbuf.c.obj)
 .text.post_drop_action
                0x0000000000009594       0x36 zephyr/libzephyr.a(mpsc_pbuf.c.obj)
 .text.max_utilization_update
                0x00000000000095ca       0x1a zephyr/libzephyr.a(mpsc_pbuf.c.obj)
 .text.mpsc_pbuf_init
                0x00000000000095e4       0x42 zephyr/libzephyr.a(mpsc_pbuf.c.obj)
                0x00000000000095e4                mpsc_pbuf_init
 .text.mpsc_pbuf_alloc
                0x0000000000009626       0xfe zephyr/libzephyr.a(mpsc_pbuf.c.obj)
                0x0000000000009626                mpsc_pbuf_alloc
 .text.mpsc_pbuf_commit
                0x0000000000009724       0x3e zephyr/libzephyr.a(mpsc_pbuf.c.obj)
                0x0000000000009724                mpsc_pbuf_commit
 .text.mpsc_pbuf_claim
                0x0000000000009762       0xa8 zephyr/libzephyr.a(mpsc_pbuf.c.obj)
                0x0000000000009762                mpsc_pbuf_claim
 .text.mpsc_pbuf_free
                0x000000000000980a       0x76 zephyr/libzephyr.a(mpsc_pbuf.c.obj)
                0x000000000000980a                mpsc_pbuf_free
 .text.mpsc_pbuf_is_pending
                0x0000000000009880       0x32 zephyr/libzephyr.a(mpsc_pbuf.c.obj)
                0x0000000000009880                mpsc_pbuf_is_pending
 .text.process_recheck
                0x00000000000098b2       0x38 zephyr/libzephyr.a(onoff.c.obj)
 .text.validate_args
                0x00000000000098ea       0x20 zephyr/libzephyr.a(onoff.c.obj)
 .text.notify_one
                0x000000000000990a       0x2c zephyr/libzephyr.a(onoff.c.obj)
 .text.transition_complete
                0x0000000000009936       0x1a zephyr/libzephyr.a(onoff.c.obj)
 .text.onoff_manager_init
                0x0000000000009950       0x26 zephyr/libzephyr.a(onoff.c.obj)
                0x0000000000009950                onoff_manager_init
 .text.onoff_request
                0x0000000000009976       0xae zephyr/libzephyr.a(onoff.c.obj)
                0x0000000000009976                onoff_request
 .text.sys_notify_validate
                0x0000000000009a24       0x22 zephyr/libzephyr.a(notify.c.obj)
                0x0000000000009a24                sys_notify_validate
 .text.sys_notify_finalize
                0x0000000000009a46       0x1a zephyr/libzephyr.a(notify.c.obj)
                0x0000000000009a46                sys_notify_finalize
 .text._ConfigAbsSyms
                0x0000000000009a60        0x2 zephyr/libzephyr.a(configs.c.obj)
                0x0000000000009a60                _ConfigAbsSyms
 .text.nvs_flash_rd
                0x0000000000009a62       0x1c zephyr/libzephyr.a(nvs.c.obj)
 .text.nvs_flash_cmp_const
                0x0000000000009a7e       0x56 zephyr/libzephyr.a(nvs.c.obj)
 .text.nvs_sector_advance
                0x0000000000009ad4       0x1a zephyr/libzephyr.a(nvs.c.obj)
 .text.z_log_msg_simple_create_0
                0x0000000000009aee        0x4 zephyr/libzephyr.a(nvs.c.obj)
 .text.nvs_flash_erase_sector
                0x0000000000009af2       0x32 zephyr/libzephyr.a(nvs.c.obj)
 .text.nvs_ate_crc8_update
                0x0000000000009b24       0x12 zephyr/libzephyr.a(nvs.c.obj)
 .text.nvs_al_size.isra.0
                0x0000000000009b36       0x14 zephyr/libzephyr.a(nvs.c.obj)
 .text.nvs_ate_valid
                0x0000000000009b4a       0x3e zephyr/libzephyr.a(nvs.c.obj)
 .text.nvs_close_ate_valid
                0x0000000000009b88       0x3c zephyr/libzephyr.a(nvs.c.obj)
 .text.nvs_prev_ate
                0x0000000000009bc4       0x94 zephyr/libzephyr.a(nvs.c.obj)
 .text.nvs_flash_al_wrt
                0x0000000000009c58       0x72 zephyr/libzephyr.a(nvs.c.obj)
 .text.nvs_flash_ate_wrt
                0x0000000000009cca       0x22 zephyr/libzephyr.a(nvs.c.obj)
 .text.nvs_add_gc_done_ate
                0x0000000000009cec       0x2e zephyr/libzephyr.a(nvs.c.obj)
 .text.nvs_gc   0x0000000000009d1a      0x19a zephyr/libzephyr.a(nvs.c.obj)
 .text.nvs_delete
                0x0000000000009eb4        0x8 zephyr/libzephyr.a(nvs.c.obj)
                0x0000000000009eb4                nvs_delete
 .text.nvs_read
                0x0000000000009ebc        0xe zephyr/libzephyr.a(nvs.c.obj)
                0x0000000000009ebc                nvs_read
 .text.log_msg_generic_get_wlen
                0x0000000000009eca       0x20 zephyr/libzephyr.a(log_core.c.obj)
 .text.dummy_timestamp
                0x0000000000009eea        0x4 zephyr/libzephyr.a(log_core.c.obj)
 .text.default_get_timestamp
                0x0000000000009eee        0x4 zephyr/libzephyr.a(log_core.c.obj)
 .text.atomic_inc
                0x0000000000009ef2       0x1a zephyr/libzephyr.a(log_core.c.obj)
 .text.z_log_vprintk
                0x0000000000009f0c       0x1c zephyr/libzephyr.a(log_core.c.obj)
                0x0000000000009f0c                z_log_vprintk
 .text.z_log_notify_drop
                0x0000000000009f28        0x6 zephyr/libzephyr.a(log_core.c.obj)
 .text.z_log_get_tag
                0x0000000000009f2e        0x4 zephyr/libzephyr.a(log_core.c.obj)
                0x0000000000009f2e                z_log_get_tag
 .text.log_backend_enable
                0x0000000000009f32       0x12 zephyr/libzephyr.a(log_mgmt.c.obj)
                0x0000000000009f32                log_backend_enable
 .text.z_cbprintf_cpy
                0x0000000000009f44       0x2e zephyr/libzephyr.a(log_msg.c.obj)
 .text.z_log_msg_finalize
                0x0000000000009f72       0x32 zephyr/libzephyr.a(log_msg.c.obj)
                0x0000000000009f72                z_log_msg_finalize
 .text.z_log_msg_simple_create
                0x0000000000009fa4       0x6e zephyr/libzephyr.a(log_msg.c.obj)
 .text.z_impl_z_log_msg_simple_create_0
                0x000000000000a012       0x12 zephyr/libzephyr.a(log_msg.c.obj)
                0x000000000000a012                z_impl_z_log_msg_simple_create_0
 .text.z_impl_z_log_msg_simple_create_1
                0x000000000000a024       0x14 zephyr/libzephyr.a(log_msg.c.obj)
                0x000000000000a024                z_impl_z_log_msg_simple_create_1
 .text.z_impl_z_log_msg_simple_create_2
                0x000000000000a038       0x18 zephyr/libzephyr.a(log_msg.c.obj)
                0x000000000000a038                z_impl_z_log_msg_simple_create_2
 .text.log_output_write
                0x000000000000a050       0x1c zephyr/libzephyr.a(log_output.c.obj)
 .text.log_output_flush
                0x000000000000a06c       0x1a zephyr/libzephyr.a(log_output.c.obj)
 .text.out_func
                0x000000000000a086       0x36 zephyr/libzephyr.a(log_output.c.obj)
 .text.cr_out_func
                0x000000000000a0bc       0x1c zephyr/libzephyr.a(log_output.c.obj)
 .text.log_output_msg_process
                0x000000000000a0d8       0x6a zephyr/libzephyr.a(log_output.c.obj)
                0x000000000000a0d8                log_output_msg_process
 .text.format_set
                0x000000000000a142        0xc zephyr/libzephyr.a(log_backend_uart.c.obj)
 .text.log_backend_uart_init
                0x000000000000a14e        0xc zephyr/libzephyr.a(log_backend_uart.c.obj)
 .text.panic    0x000000000000a15a       0x32 zephyr/libzephyr.a(log_backend_uart.c.obj)
 .text.dropped  0x000000000000a18c        0xa zephyr/libzephyr.a(log_backend_uart.c.obj)
 .text.process  0x000000000000a196       0x1e zephyr/libzephyr.a(log_backend_uart.c.obj)
 .text.flash_area_close
                0x000000000000a1b4        0x2 zephyr/libzephyr.a(flash_map.c.obj)
                0x000000000000a1b4                flash_area_close
 .text.get_sectors_cb
                0x000000000000a1b6       0x44 zephyr/libzephyr.a(flash_map_layout.c.obj)
 .text.flash_area_get_sectors
                0x000000000000a1fa       0x32 zephyr/libzephyr.a(flash_map_layout.c.obj)
                0x000000000000a1fa                flash_area_get_sectors
 .text.settings_name_steq
                0x000000000000a22c       0x48 zephyr/libzephyr.a(settings.c.obj)
                0x000000000000a22c                settings_name_steq
 .text.settings_nvs_storage_get
                0x000000000000a274        0x4 zephyr/libzephyr.a(settings_nvs.c.obj)
 .text.settings_nvs_read_fn
                0x000000000000a278       0x18 zephyr/libzephyr.a(settings_nvs.c.obj)
 .text.settings_nvs_save
                0x000000000000a290      0x118 zephyr/libzephyr.a(settings_nvs.c.obj)
 .text.settings_nvs_backend_init
                0x000000000000a3a8       0x42 zephyr/libzephyr.a(settings_nvs.c.obj)
                0x000000000000a3a8                settings_nvs_backend_init
 .text.z_impl_flash_flatten
                0x000000000000a3ea       0x28 zephyr/libzephyr.a(flash_util.c.obj)
                0x000000000000a3ea                z_impl_flash_flatten
 .text.abort_function
                0x000000000000a412        0x2 zephyr/libzephyr.a(nrf_cc3xx_platform_abort_zephyr.c.obj)
 .text.arch_early_memset
                0x000000000000a414        0x4 zephyr/arch/common/libarch__common.a(init.c.obj)
                0x000000000000a414                arch_early_memset
 .text.arch_early_memcpy
                0x000000000000a418        0x4 zephyr/arch/common/libarch__common.a(init.c.obj)
                0x000000000000a418                arch_early_memcpy
 .text.z_do_kernel_oops
                0x000000000000a41c        0x8 zephyr/arch/arch/arm/core/libarch__arm__core.a(fatal.c.obj)
                0x000000000000a41c                z_do_kernel_oops
 .text.z_arm_nmi
                0x000000000000a424        0xe zephyr/arch/arch/arm/core/libarch__arm__core.a(nmi.c.obj)
                0x000000000000a424                z_arm_nmi
 .text.z_log_msg_simple_create_0.constprop.0
                0x000000000000a432        0x8 zephyr/arch/arch/arm/core/cortex_m/libarch__arm__core__cortex_m.a(fault.c.obj)
 .text.z_irq_spurious
                0x000000000000a43a        0x8 zephyr/arch/arch/arm/core/cortex_m/libarch__arm__core__cortex_m.a(irq_manage.c.obj)
                0x000000000000a43a                z_irq_spurious
 .text.arch_coprocessors_disable
                0x000000000000a442        0x6 zephyr/arch/arch/arm/core/cortex_m/libarch__arm__core__cortex_m.a(thread.c.obj)
                0x000000000000a442                arch_coprocessors_disable
 .text.arch_irq_unlock_outlined
                0x000000000000a448        0xe zephyr/arch/arch/arm/core/cortex_m/libarch__arm__core__cortex_m.a(thread.c.obj)
                0x000000000000a448                arch_irq_unlock_outlined
 .text.arch_cpu_idle
                0x000000000000a456       0x1a zephyr/arch/arch/arm/core/cortex_m/libarch__arm__core__cortex_m.a(cpu_idle.c.obj)
                0x000000000000a456                arch_cpu_idle
 .text.arch_cpu_atomic_idle
                0x000000000000a470       0x1e zephyr/arch/arch/arm/core/cortex_m/libarch__arm__core__cortex_m.a(cpu_idle.c.obj)
                0x000000000000a470                arch_cpu_atomic_idle
 .text.size_to_mpu_rasr_size
                0x000000000000a48e       0x20 zephyr/arch/arch/arm/core/mpu/libarch__arm__core__mpu.a(arm_mpu.c.obj)
 .text.cbputc   0x000000000000a4ae        0xc zephyr/lib/libc/picolibc/liblib__libc__picolibc.a(cbprintf.c.obj)
 .text.picolibc_put
                0x000000000000a4ba        0xa zephyr/lib/libc/picolibc/liblib__libc__picolibc.a(stdio.c.obj)
 .text.get_status
                0x000000000000a4c4       0x12 zephyr/drivers/clock_control/libdrivers__clock_control.a(clock_control_nrf.c.obj)
 .text.stop     0x000000000000a4d6       0x50 zephyr/drivers/clock_control/libdrivers__clock_control.a(clock_control_nrf.c.obj)
 .text.api_stop
                0x000000000000a526        0x6 zephyr/drivers/clock_control/libdrivers__clock_control.a(clock_control_nrf.c.obj)
 .text.async_start
                0x000000000000a52c       0x5a zephyr/drivers/clock_control/libdrivers__clock_control.a(clock_control_nrf.c.obj)
 .text.api_start
                0x000000000000a586        0xe zephyr/drivers/clock_control/libdrivers__clock_control.a(clock_control_nrf.c.obj)
 .text.onoff_started_callback
                0x000000000000a594       0x12 zephyr/drivers/clock_control/libdrivers__clock_control.a(clock_control_nrf.c.obj)
 .text.blocking_start_callback
                0x000000000000a5a6        0x6 zephyr/drivers/clock_control/libdrivers__clock_control.a(clock_control_nrf.c.obj)
 .text.lfclk_stop
                0x000000000000a5ac        0x4 zephyr/drivers/clock_control/libdrivers__clock_control.a(clock_control_nrf.c.obj)
 .text.lfclk_start
                0x000000000000a5b0        0x4 zephyr/drivers/clock_control/libdrivers__clock_control.a(clock_control_nrf.c.obj)
 .text.flash_get_page_info
                0x000000000000a5b4       0x62 zephyr/drivers/flash/libdrivers__flash.a(flash_page_layout.c.obj)
 .text.z_impl_flash_get_page_info_by_offs
                0x000000000000a616        0x8 zephyr/drivers/flash/libdrivers__flash.a(flash_page_layout.c.obj)
                0x000000000000a616                z_impl_flash_get_page_info_by_offs
 .text.flash_page_foreach
                0x000000000000a61e       0x58 zephyr/drivers/flash/libdrivers__flash.a(flash_page_layout.c.obj)
                0x000000000000a61e                flash_page_foreach
 .text.qspi_nor_get_size
                0x000000000000a676        0xe zephyr/drivers/flash/libdrivers__flash.a(nrf_qspi_nor.c.obj)
                0x000000000000a676                qspi_nor_get_size
 .text.qspi_handler
                0x000000000000a684        0xc zephyr/drivers/flash/libdrivers__flash.a(nrf_qspi_nor.c.obj)
 .text.qspi_wait_for_completion.isra.0
                0x000000000000a690       0x12 zephyr/drivers/flash/libdrivers__flash.a(nrf_qspi_nor.c.obj)
 .text.qspi_release
                0x000000000000a6a2       0x34 zephyr/drivers/flash/libdrivers__flash.a(nrf_qspi_nor.c.obj)
 .text.qspi_acquire
                0x000000000000a6d6       0x28 zephyr/drivers/flash/libdrivers__flash.a(nrf_qspi_nor.c.obj)
 .text.qspi_rdsr.constprop.0.isra.0
                0x000000000000a6fe       0x36 zephyr/drivers/flash/libdrivers__flash.a(nrf_qspi_nor.c.obj)
 .text.qspi_nor_write_protection_set.isra.0
                0x000000000000a734       0x2a zephyr/drivers/flash/libdrivers__flash.a(nrf_qspi_nor.c.obj)
 .text.flash_nrf_get_size
                0x000000000000a75e       0x12 zephyr/drivers/flash/libdrivers__flash.a(soc_flash_nrf.c.obj)
 .text.is_regular_addr_valid
                0x000000000000a770       0x22 zephyr/drivers/flash/libdrivers__flash.a(soc_flash_nrf.c.obj)
 .text.flash_nrf_read
                0x000000000000a792       0x2e zephyr/drivers/flash/libdrivers__flash.a(soc_flash_nrf.c.obj)
 .text.gpio_nrfx_port_get_raw
                0x000000000000a7c0        0xe zephyr/drivers/gpio/libdrivers__gpio.a(gpio_nrfx.c.obj)
 .text.gpio_nrfx_port_set_masked_raw
                0x000000000000a7ce       0x18 zephyr/drivers/gpio/libdrivers__gpio.a(gpio_nrfx.c.obj)
 .text.gpio_nrfx_port_set_bits_raw
                0x000000000000a7e6        0xc zephyr/drivers/gpio/libdrivers__gpio.a(gpio_nrfx.c.obj)
 .text.gpio_nrfx_port_clear_bits_raw
                0x000000000000a7f2        0xc zephyr/drivers/gpio/libdrivers__gpio.a(gpio_nrfx.c.obj)
 .text.gpio_nrfx_port_toggle_bits
                0x000000000000a7fe       0x1a zephyr/drivers/gpio/libdrivers__gpio.a(gpio_nrfx.c.obj)
 .text.gpio_nrfx_manage_callback
                0x000000000000a818       0x52 zephyr/drivers/gpio/libdrivers__gpio.a(gpio_nrfx.c.obj)
 .text.gpio_nrfx_gpiote_irq_handler
                0x000000000000a86a        0x4 zephyr/drivers/gpio/libdrivers__gpio.a(gpio_nrfx.c.obj)
                0x000000000000a86a                gpio_nrfx_gpiote_irq_handler
 .text.pinctrl_lookup_state
                0x000000000000a86e       0x26 zephyr/drivers/pinctrl/libdrivers__pinctrl.a(common.c.obj)
                0x000000000000a86e                pinctrl_lookup_state
 .text.uarte_nrfx_err_check
                0x000000000000a894        0xe zephyr/drivers/serial/libdrivers__serial.a(uart_nrfx_uarte.c.obj)
 .text.uarte_nrfx_poll_in
                0x000000000000a8a2       0x26 zephyr/drivers/serial/libdrivers__serial.a(uart_nrfx_uarte.c.obj)
 .text.uarte_nrfx_fifo_read
                0x000000000000a8c8       0x28 zephyr/drivers/serial/libdrivers__serial.a(uart_nrfx_uarte.c.obj)
 .text.uarte_nrfx_irq_tx_enable
                0x000000000000a8f0       0x36 zephyr/drivers/serial/libdrivers__serial.a(uart_nrfx_uarte.c.obj)
 .text.uarte_nrfx_irq_tx_disable
                0x000000000000a926       0x14 zephyr/drivers/serial/libdrivers__serial.a(uart_nrfx_uarte.c.obj)
 .text.uarte_nrfx_irq_tx_ready_complete
                0x000000000000a93a       0x1e zephyr/drivers/serial/libdrivers__serial.a(uart_nrfx_uarte.c.obj)
 .text.uarte_nrfx_irq_rx_ready
                0x000000000000a958       0x10 zephyr/drivers/serial/libdrivers__serial.a(uart_nrfx_uarte.c.obj)
 .text.uarte_nrfx_irq_rx_enable
                0x000000000000a968       0x14 zephyr/drivers/serial/libdrivers__serial.a(uart_nrfx_uarte.c.obj)
 .text.uarte_nrfx_irq_rx_disable
                0x000000000000a97c       0x14 zephyr/drivers/serial/libdrivers__serial.a(uart_nrfx_uarte.c.obj)
 .text.uarte_nrfx_irq_err_enable
                0x000000000000a990        0xe zephyr/drivers/serial/libdrivers__serial.a(uart_nrfx_uarte.c.obj)
 .text.uarte_nrfx_irq_err_disable
                0x000000000000a99e        0xe zephyr/drivers/serial/libdrivers__serial.a(uart_nrfx_uarte.c.obj)
 .text.uarte_nrfx_irq_is_pending
                0x000000000000a9ac       0x36 zephyr/drivers/serial/libdrivers__serial.a(uart_nrfx_uarte.c.obj)
 .text.uarte_nrfx_irq_update
                0x000000000000a9e2        0x4 zephyr/drivers/serial/libdrivers__serial.a(uart_nrfx_uarte.c.obj)
 .text.uarte_nrfx_irq_callback_set
                0x000000000000a9e6        0xc zephyr/drivers/serial/libdrivers__serial.a(uart_nrfx_uarte.c.obj)
 .text.is_tx_ready.isra.0
                0x000000000000a9f2       0x20 zephyr/drivers/serial/libdrivers__serial.a(uart_nrfx_uarte.c.obj)
 .text.uarte_nrfx_isr_int
                0x000000000000aa12       0x88 zephyr/drivers/serial/libdrivers__serial.a(uart_nrfx_uarte.c.obj)
 .text.pinctrl_apply_state.isra.0
                0x000000000000aa9a       0x1e zephyr/drivers/serial/libdrivers__serial.a(uart_nrfx_uarte.c.obj)
 .text.uarte_instance_deinit
                0x000000000000aab8        0x6 zephyr/drivers/serial/libdrivers__serial.a(uart_nrfx_uarte.c.obj)
 .text.uarte_1_init
                0x000000000000aabe       0x1e zephyr/drivers/serial/libdrivers__serial.a(uart_nrfx_uarte.c.obj)
 .text.uarte_0_init
                0x000000000000aadc       0x1e zephyr/drivers/serial/libdrivers__serial.a(uart_nrfx_uarte.c.obj)
 .text.uarte_nrfx_fifo_fill
                0x000000000000aafa       0x92 zephyr/drivers/serial/libdrivers__serial.a(uart_nrfx_uarte.c.obj)
 .text.event_clear
                0x000000000000ab8c       0x18 zephyr/drivers/timer/libdrivers__timer.a(nrf_rtc_timer.c.obj)
 .text.sys_clock_cycle_get_32
                0x000000000000aba4        0x8 zephyr/drivers/timer/libdrivers__timer.a(nrf_rtc_timer.c.obj)
                0x000000000000aba4                sys_clock_cycle_get_32
 .text.hw_cc3xx_init_internal
                0x000000000000abac        0x4 modules/nrf/drivers/hw_cc3xx/lib..__nrf__drivers__hw_cc3xx.a(hw_cc3xx.c.obj)
 .text.hw_cc3xx_init
                0x000000000000abb0       0x12 modules/nrf/drivers/hw_cc3xx/lib..__nrf__drivers__hw_cc3xx.a(hw_cc3xx.c.obj)
 .text.nrfx_isr
                0x000000000000abc2        0x6 modules/hal_nordic/modules/hal_nordic/nrfx/libmodules__hal_nordic__nrfx.a(nrfx_glue.c.obj)
                0x000000000000abc2                nrfx_isr
 .text.nrfx_busy_wait
                0x000000000000abc8        0x4 modules/hal_nordic/modules/hal_nordic/nrfx/libmodules__hal_nordic__nrfx.a(nrfx_glue.c.obj)
                0x000000000000abc8                nrfx_busy_wait
 .text.nrfx_flag32_alloc
                0x000000000000abcc       0x3c modules/hal_nordic/modules/hal_nordic/nrfx/libmodules__hal_nordic__nrfx.a(nrfx_flag32_allocator.c.obj)
                0x000000000000abcc                nrfx_flag32_alloc
 .text.nrfx_flag32_free
                0x000000000000ac08       0x3a modules/hal_nordic/modules/hal_nordic/nrfx/libmodules__hal_nordic__nrfx.a(nrfx_flag32_allocator.c.obj)
                0x000000000000ac08                nrfx_flag32_free
 .text.nrfx_gppi_conn_alloc
                0x000000000000ac42       0x2c modules/hal_nordic/modules/hal_nordic/nrfx/libmodules__hal_nordic__nrfx.a(nrfx_gppi_ppi.c.obj)
                0x000000000000ac42                nrfx_gppi_conn_alloc
 .text.nrfx_clock_start
                0x000000000000ac6e       0x10 modules/hal_nordic/modules/hal_nordic/nrfx/libmodules__hal_nordic__nrfx.a(nrfx_clock.c.obj)
                0x000000000000ac6e                nrfx_clock_start
 .text.nrfx_clock_stop
                0x000000000000ac7e       0x10 modules/hal_nordic/modules/hal_nordic/nrfx/libmodules__hal_nordic__nrfx.a(nrfx_clock.c.obj)
                0x000000000000ac7e                nrfx_clock_stop
 .text.CLOCK_POWER_IRQHandler
                0x000000000000ac8e        0xe modules/hal_nordic/modules/hal_nordic/nrfx/libmodules__hal_nordic__nrfx.a(nrfx_clock.c.obj)
                0x000000000000ac8e                CLOCK_POWER_IRQHandler
 .text.nrfx_clock_hfclk_stop
                0x000000000000ac9c        0x4 modules/hal_nordic/modules/hal_nordic/nrfx/libmodules__hal_nordic__nrfx.a(nrfx_clock_hfclk.c.obj)
                0x000000000000ac9c                nrfx_clock_hfclk_stop
 .text.clock_stop
                0x000000000000aca0       0x32 modules/hal_nordic/modules/hal_nordic/nrfx/libmodules__hal_nordic__nrfx.a(nrfx_clock_lfclk.c.obj)
 .text.nrfx_clock_lfclk_stop
                0x000000000000acd2        0x4 modules/hal_nordic/modules/hal_nordic/nrfx/libmodules__hal_nordic__nrfx.a(nrfx_clock_lfclk.c.obj)
                0x000000000000acd2                nrfx_clock_lfclk_stop
 .text.nrf_gpio_reconfigure
                0x000000000000acd6       0x92 modules/hal_nordic/modules/hal_nordic/nrfx/libmodules__hal_nordic__nrfx.a(nrfx_gpiote.c.obj)
 .text.nrf_gpio_cfg_sense_set
                0x000000000000ad68       0x1e modules/hal_nordic/modules/hal_nordic/nrfx/libmodules__hal_nordic__nrfx.a(nrfx_gpiote.c.obj)
 .text.pin_in_use_by_te
                0x000000000000ad86       0x16 modules/hal_nordic/modules/hal_nordic/nrfx/libmodules__hal_nordic__nrfx.a(nrfx_gpiote.c.obj)
 .text.pin_is_output
                0x000000000000ad9c       0x16 modules/hal_nordic/modules/hal_nordic/nrfx/libmodules__hal_nordic__nrfx.a(nrfx_gpiote.c.obj)
 .text.pin_te_get
                0x000000000000adb2       0x14 modules/hal_nordic/modules/hal_nordic/nrfx/libmodules__hal_nordic__nrfx.a(nrfx_gpiote.c.obj)
 .text.call_handler
                0x000000000000adc6       0x3e modules/hal_nordic/modules/hal_nordic/nrfx/libmodules__hal_nordic__nrfx.a(nrfx_gpiote.c.obj)
 .text.release_handler
                0x000000000000ae04       0x54 modules/hal_nordic/modules/hal_nordic/nrfx/libmodules__hal_nordic__nrfx.a(nrfx_gpiote.c.obj)
 .text.__nrfy_internal_gpiote_events_process
                0x000000000000ae58       0x50 modules/hal_nordic/modules/hal_nordic/nrfx/libmodules__hal_nordic__nrfx.a(nrfx_gpiote.c.obj)
 .text.pin_trigger_disable
                0x000000000000aea8       0x46 modules/hal_nordic/modules/hal_nordic/nrfx/libmodules__hal_nordic__nrfx.a(nrfx_gpiote.c.obj)
 .text.nrfx_gpiote_input_configure
                0x000000000000aeee      0x170 modules/hal_nordic/modules/hal_nordic/nrfx/libmodules__hal_nordic__nrfx.a(nrfx_gpiote.c.obj)
                0x000000000000aeee                nrfx_gpiote_input_configure
 .text.nrfx_gpiote_output_configure
                0x000000000000b05e       0xf2 modules/hal_nordic/modules/hal_nordic/nrfx/libmodules__hal_nordic__nrfx.a(nrfx_gpiote.c.obj)
                0x000000000000b05e                nrfx_gpiote_output_configure
 .text.nrfx_gpiote_global_callback_set
                0x000000000000b150        0x6 modules/hal_nordic/modules/hal_nordic/nrfx/libmodules__hal_nordic__nrfx.a(nrfx_gpiote.c.obj)
                0x000000000000b150                nrfx_gpiote_global_callback_set
 .text.nrfx_gpiote_channel_get
                0x000000000000b156       0x26 modules/hal_nordic/modules/hal_nordic/nrfx/libmodules__hal_nordic__nrfx.a(nrfx_gpiote.c.obj)
                0x000000000000b156                nrfx_gpiote_channel_get
 .text.nrfx_gpiote_init
                0x000000000000b17c       0x38 modules/hal_nordic/modules/hal_nordic/nrfx/libmodules__hal_nordic__nrfx.a(nrfx_gpiote.c.obj)
                0x000000000000b17c                nrfx_gpiote_init
 .text.nrfx_gpiote_init_check
                0x000000000000b1b4        0xc modules/hal_nordic/modules/hal_nordic/nrfx/libmodules__hal_nordic__nrfx.a(nrfx_gpiote.c.obj)
                0x000000000000b1b4                nrfx_gpiote_init_check
 .text.nrfx_gpiote_pin_uninit
                0x000000000000b1c0        0x4 modules/hal_nordic/modules/hal_nordic/nrfx/libmodules__hal_nordic__nrfx.a(nrfx_gpiote.c.obj)
                0x000000000000b1c0                nrfx_gpiote_pin_uninit
 .text.nrfx_gpiote_trigger_enable
                0x000000000000b1c4       0xa6 modules/hal_nordic/modules/hal_nordic/nrfx/libmodules__hal_nordic__nrfx.a(nrfx_gpiote.c.obj)
                0x000000000000b1c4                nrfx_gpiote_trigger_enable
 .text.nrfx_gpiote_trigger_disable
                0x000000000000b26a        0x4 modules/hal_nordic/modules/hal_nordic/nrfx/libmodules__hal_nordic__nrfx.a(nrfx_gpiote.c.obj)
                0x000000000000b26a                nrfx_gpiote_trigger_disable
 .text.nrfx_nvmc_flash_size_get
                0x000000000000b26e        0xc modules/hal_nordic/modules/hal_nordic/nrfx/libmodules__hal_nordic__nrfx.a(nrfx_nvmc.c.obj)
                0x000000000000b26e                nrfx_nvmc_flash_size_get
 .text.nrfx_nvmc_flash_page_size_get
                0x000000000000b27a        0x8 modules/hal_nordic/modules/hal_nordic/nrfx/libmodules__hal_nordic__nrfx.a(nrfx_nvmc.c.obj)
                0x000000000000b27a                nrfx_nvmc_flash_page_size_get
 .text.nrfx_nvmc_flash_page_count_get
                0x000000000000b282        0x8 modules/hal_nordic/modules/hal_nordic/nrfx/libmodules__hal_nordic__nrfx.a(nrfx_nvmc.c.obj)
                0x000000000000b282                nrfx_nvmc_flash_page_count_get
 .text.nrfx_qspi_write
                0x000000000000b28a        0x6 modules/hal_nordic/modules/hal_nordic/nrfx/libmodules__hal_nordic__nrfx.a(nrfx_qspi.c.obj)
                0x000000000000b28a                nrfx_qspi_write
 .text.nrfx_qspi_read
                0x000000000000b290        0x6 modules/hal_nordic/modules/hal_nordic/nrfx/libmodules__hal_nordic__nrfx.a(nrfx_qspi.c.obj)
                0x000000000000b290                nrfx_qspi_read
 .text.nrfx_qspi_chip_erase
                0x000000000000b296        0x8 modules/hal_nordic/modules/hal_nordic/nrfx/libmodules__hal_nordic__nrfx.a(nrfx_qspi.c.obj)
                0x000000000000b296                nrfx_qspi_chip_erase
 .text.rtt_init
                0x000000000000b29e        0xa modules/segger/libmodules__segger.a(SEGGER_RTT_zephyr.c.obj)
 .text.zephyr_rtt_irq_lock
                0x000000000000b2a8       0x10 modules/segger/libmodules__segger.a(SEGGER_RTT_zephyr.c.obj)
                0x000000000000b2a8                zephyr_rtt_irq_lock
 .text.zephyr_rtt_irq_unlock
                0x000000000000b2b8        0xa modules/segger/libmodules__segger.a(SEGGER_RTT_zephyr.c.obj)
                0x000000000000b2b8                zephyr_rtt_irq_unlock
 .text.z_impl_k_busy_wait
                0x000000000000b2c2        0x8 zephyr/kernel/libkernel.a(busy_wait.c.obj)
                0x000000000000b2c2                z_impl_k_busy_wait
 .text.do_device_init
                0x000000000000b2ca       0x30 zephyr/kernel/libkernel.a(device.c.obj)
                0x000000000000b2ca                do_device_init
 .text.z_impl_device_is_ready
                0x000000000000b2fa       0x16 zephyr/kernel/libkernel.a(device.c.obj)
                0x000000000000b2fa                z_impl_device_is_ready
 .text.arch_system_halt
                0x000000000000b310       0x10 zephyr/kernel/libkernel.a(fatal.c.obj)
                0x000000000000b310                arch_system_halt
 .text.create_free_list
                0x000000000000b320       0x34 zephyr/kernel/libkernel.a(mem_slab.c.obj)
 .text.k_mem_slab_init
                0x000000000000b354       0x1c zephyr/kernel/libkernel.a(mem_slab.c.obj)
                0x000000000000b354                k_mem_slab_init
 .text.k_mem_slab_free
                0x000000000000b370       0x6e zephyr/kernel/libkernel.a(mem_slab.c.obj)
                0x000000000000b370                k_mem_slab_free
 .text.idle     0x000000000000b3de       0x16 zephyr/kernel/libkernel.a(idle.c.obj)
                0x000000000000b3de                idle
 .text.adjust_owner_prio.isra.0
                0x000000000000b3f4       0x10 zephyr/kernel/libkernel.a(mutex.c.obj)
 .text.z_impl_k_mutex_init
                0x000000000000b404        0xe zephyr/kernel/libkernel.a(mutex.c.obj)